#
# There is insufficient memory for the Java Runtime Environment to continue.
# Native memory allocation (malloc) failed to allocate 369616 bytes for Chunk::new
# Possible reasons:
#   The system is out of physical RAM or swap space
#   The process is running with CompressedOops enabled, and the Java Heap may be blocking the growth of the native heap
# Possible solutions:
#   Reduce memory load on the system
#   Increase physical memory or swap space
#   Check if swap backing store is full
#   Decrease Java heap size (-Xmx/-Xms)
#   Decrease number of Java threads
#   Decrease Java thread stack sizes (-Xss)
#   Set larger code cache with -XX:ReservedCodeCacheSize=
#   JVM is running with Zero Based Compressed Oops mode in which the Java heap is
#     placed in the first 32GB address space. The Java Heap base address is the
#     maximum limit for the native heap growth. Please use -XX:HeapBaseMinAddress
#     to set the Java Heap base and to place the Java Heap above 32GB virtual address.
# This output file may be truncated or incomplete.
#
#  Out of Memory Error (arena.cpp:189), pid=41640, tid=3840
#
# JRE version: Java(TM) SE Runtime Environment (17.0.12+8) (build 17.0.12+8-LTS-286)
# Java VM: Java HotSpot(TM) 64-Bit Server VM (17.0.12+8-LTS-286, mixed mode, sharing, tiered, compressed oops, compressed class ptrs, g1 gc, windows-amd64)
# No core dump will be written. Minidumps are not enabled by default on client versions of Windows
#

---------------  S U M M A R Y ------------

Command Line: -ea -Djava.awt.headless=true -Didea.test.cyclic.buffer.size=1048576 -javaagent:C:\Program Files (x86)\JetBrains\IntelliJ IDEA Community Edition 2023.3.4\lib\idea_rt.jar=52541:C:\Program Files (x86)\JetBrains\IntelliJ IDEA Community Edition 2023.3.4\bin -Dfile.encoding=UTF-8 com.intellij.rt.junit.JUnitStarter -ideVersion5 -junit4 com.ae.network.api.tests.apiCentre.cardServices.Cards,apiCentre_Cards_Journey

Host: 13th Gen Intel(R) Core(TM) i7-1355U, 12 cores, 31G,  Windows 10 , 64 bit Build 19041 (10.0.19041.5678)
Time: Wed May 21 12:20:29 2025 Arabian Standard Time elapsed time: 2.740891 seconds (0d 0h 0m 2s)

---------------  T H R E A D  ---------------

Current thread (0x000002a05a816020):  JavaThread "C2 CompilerThread1" daemon [_thread_in_native, id=3840, stack(0x000000dbe3c00000,0x000000dbe3d00000)]


Current CompileTask:
C2:   2741  774       4       java.util.zip.ZipFile$Source::initCEN (591 bytes)

Stack: [0x000000dbe3c00000,0x000000dbe3d00000]
Native frames: (J=compiled Java code, j=interpreted, Vv=VM code, C=native code)
V  [jvm.dll+0x67a04a]
V  [jvm.dll+0x7da4ed]
V  [jvm.dll+0x7dbe33]
V  [jvm.dll+0x7dc4a3]
V  [jvm.dll+0x24508f]
V  [jvm.dll+0xab773]
V  [jvm.dll+0xabd3c]
V  [jvm.dll+0x2aa52f]
V  [jvm.dll+0x581eb9]
V  [jvm.dll+0x21f422]
V  [jvm.dll+0x21f81f]
V  [jvm.dll+0x218aa0]
V  [jvm.dll+0x215b65]
V  [jvm.dll+0x1a2960]
V  [jvm.dll+0x22610b]
V  [jvm.dll+0x2242ab]
V  [jvm.dll+0x79075c]
V  [jvm.dll+0x78abea]
V  [jvm.dll+0x678f35]
C  [ucrtbase.dll+0x21bb2]
C  [KERNEL32.DLL+0x17374]
C  [ntdll.dll+0x4cc91]


---------------  P R O C E S S  ---------------

Threads class SMR info:
_java_thread_list=0x000002a05f689420, length=15, elements={
0x000002a0691e0d50, 0x000002a069333740, 0x000002a069335310, 0x000002a0693468b0,
0x000002a069347470, 0x000002a0693487d0, 0x000002a069352e50, 0x000002a069356300,
0x000002a0693574a0, 0x000002a069368e00, 0x000002a05a080090, 0x000002a05a302700,
0x000002a05a302be0, 0x000002a05a816020, 0x000002a0602ef020
}

Java Threads: ( => current thread )
  0x000002a0691e0d50 JavaThread "main" [_thread_in_Java, id=24564, stack(0x000000dbe2b00000,0x000000dbe2c00000)]
  0x000002a069333740 JavaThread "Reference Handler" daemon [_thread_blocked, id=20272, stack(0x000000dbe3200000,0x000000dbe3300000)]
  0x000002a069335310 JavaThread "Finalizer" daemon [_thread_blocked, id=32584, stack(0x000000dbe3300000,0x000000dbe3400000)]
  0x000002a0693468b0 JavaThread "Signal Dispatcher" daemon [_thread_blocked, id=20128, stack(0x000000dbe3400000,0x000000dbe3500000)]
  0x000002a069347470 JavaThread "Attach Listener" daemon [_thread_blocked, id=39192, stack(0x000000dbe3500000,0x000000dbe3600000)]
  0x000002a0693487d0 JavaThread "Service Thread" daemon [_thread_blocked, id=19736, stack(0x000000dbe3600000,0x000000dbe3700000)]
  0x000002a069352e50 JavaThread "Monitor Deflation Thread" daemon [_thread_blocked, id=40032, stack(0x000000dbe3700000,0x000000dbe3800000)]
  0x000002a069356300 JavaThread "C2 CompilerThread0" daemon [_thread_in_native, id=36956, stack(0x000000dbe3800000,0x000000dbe3900000)]
  0x000002a0693574a0 JavaThread "C1 CompilerThread0" daemon [_thread_in_native, id=3176, stack(0x000000dbe3900000,0x000000dbe3a00000)]
  0x000002a069368e00 JavaThread "Sweeper thread" daemon [_thread_blocked, id=39636, stack(0x000000dbe3a00000,0x000000dbe3b00000)]
  0x000002a05a080090 JavaThread "Common-Cleaner" daemon [_thread_blocked, id=9272, stack(0x000000dbe3b00000,0x000000dbe3c00000)]
  0x000002a05a302700 JavaThread "Monitor Ctrl-Break" daemon [_thread_in_native, id=35044, stack(0x000000dbe3d00000,0x000000dbe3e00000)]
  0x000002a05a302be0 JavaThread "Notification Thread" daemon [_thread_blocked, id=15904, stack(0x000000dbe3e00000,0x000000dbe3f00000)]
=>0x000002a05a816020 JavaThread "C2 CompilerThread1" daemon [_thread_in_native, id=3840, stack(0x000000dbe3c00000,0x000000dbe3d00000)]
  0x000002a0602ef020 JavaThread "C2 CompilerThread2" daemon [_thread_in_native, id=19884, stack(0x000000dbe4900000,0x000000dbe4a00000)]

Other Threads:
  0x000002a068e3a750 VMThread "VM Thread" [stack: 0x000000dbe3100000,0x000000dbe3200000] [id=37268]
  0x000002a05a30d210 WatcherThread [stack: 0x000000dbe3f00000,0x000000dbe4000000] [id=1600]
  0x000002a06924db60 GCTaskThread "GC Thread#0" [stack: 0x000000dbe2c00000,0x000000dbe2d00000] [id=8188]
  0x000002a05a644740 GCTaskThread "GC Thread#1" [stack: 0x000000dbe4000000,0x000000dbe4100000] [id=2100]
  0x000002a05fb7e120 GCTaskThread "GC Thread#2" [stack: 0x000000dbe4100000,0x000000dbe4200000] [id=29036]
  0x000002a05f6b7b30 GCTaskThread "GC Thread#3" [stack: 0x000000dbe4200000,0x000000dbe4300000] [id=29792]
  0x000002a05f6ad1b0 GCTaskThread "GC Thread#4" [stack: 0x000000dbe4300000,0x000000dbe4400000] [id=35804]
  0x000002a05f70ee90 GCTaskThread "GC Thread#5" [stack: 0x000000dbe4400000,0x000000dbe4500000] [id=35284]
  0x000002a05fe89350 GCTaskThread "GC Thread#6" [stack: 0x000000dbe4500000,0x000000dbe4600000] [id=37664]
  0x000002a05fe89610 GCTaskThread "GC Thread#7" [stack: 0x000000dbe4600000,0x000000dbe4700000] [id=34520]
  0x000002a05fae4c40 GCTaskThread "GC Thread#8" [stack: 0x000000dbe4700000,0x000000dbe4800000] [id=1300]
  0x000002a05fa32310 GCTaskThread "GC Thread#9" [stack: 0x000000dbe4800000,0x000000dbe4900000] [id=41116]
  0x000002a0692529f0 ConcurrentGCThread "G1 Main Marker" [stack: 0x000000dbe2d00000,0x000000dbe2e00000] [id=24996]
  0x000002a069253f70 ConcurrentGCThread "G1 Conc#0" [stack: 0x000000dbe2e00000,0x000000dbe2f00000] [id=27108]
  0x000002a069295380 ConcurrentGCThread "G1 Refine#0" [stack: 0x000000dbe2f00000,0x000000dbe3000000] [id=25892]
  0x000002a069295db0 ConcurrentGCThread "G1 Service" [stack: 0x000000dbe3000000,0x000000dbe3100000] [id=25292]

Threads with active compile tasks:
C2 CompilerThread0     2826  799   !   4       java.util.zip.ZipFile::getEntry (59 bytes)
C1 CompilerThread0     2826  816       3       java.lang.StringConcatHelper::simpleConcat (94 bytes)
C2 CompilerThread1     2826  774       4       java.util.zip.ZipFile$Source::initCEN (591 bytes)
C2 CompilerThread2     2827  800  s!   4       jdk.internal.loader.URLClassPath::getLoader (194 bytes)

VM state: not at safepoint (normal execution)

VM Mutex/Monitor currently owned by a thread: None

Heap address: 0x0000000605000000, size: 8112 MB, Compressed Oops mode: Zero based, Oop shift amount: 3

CDS archive(s) mapped at: [0x000002a019000000-0x000002a019bd0000-0x000002a019bd0000), size 12386304, SharedBaseAddress: 0x000002a019000000, ArchiveRelocationMode: 1.
Compressed class space mapped at: 0x000002a01a000000-0x000002a05a000000, reserved size: 1073741824
Narrow klass base: 0x000002a019000000, Narrow klass shift: 0, Narrow klass range: 0x100000000

GC Precious Log:
 CPUs: 12 total, 12 available
 Memory: 32440M
 Large Page Support: Disabled
 NUMA Support: Disabled
 Compressed Oops: Enabled (Zero based)
 Heap Region Size: 4M
 Heap Min Capacity: 8M
 Heap Initial Capacity: 508M
 Heap Max Capacity: 8112M
 Pre-touch: Disabled
 Parallel Workers: 10
 Concurrent Workers: 3
 Concurrent Refinement Workers: 10
 Periodic GC: Disabled

Heap:
 garbage-first heap   total 520192K, used 14417K [0x0000000605000000, 0x0000000800000000)
  region size 4096K, 3 young (12288K), 1 survivors (4096K)
 Metaspace       used 2291K, committed 2432K, reserved 1114112K
  class space    used 221K, committed 256K, reserved 1048576K

Heap Regions: E=young(eden), S=young(survivor), O=old, HS=humongous(starts), HC=humongous(continues), CS=collection set, F=free, OA=open archive, CA=closed archive, TAMS=top-at-mark-start (previous, next)
|   0|0x0000000605000000, 0x0000000605400000, 0x0000000605400000|100%| O|  |TAMS 0x0000000605000000, 0x0000000605000000| Untracked 
|   1|0x0000000605400000, 0x0000000605800000, 0x0000000605800000|100%| O|  |TAMS 0x0000000605400000, 0x0000000605400000| Untracked 
|   2|0x0000000605800000, 0x0000000605a14400, 0x0000000605c00000| 51%| O|  |TAMS 0x0000000605800000, 0x0000000605800000| Untracked 
|   3|0x0000000605c00000, 0x0000000605c00000, 0x0000000606000000|  0%| F|  |TAMS 0x0000000605c00000, 0x0000000605c00000| Untracked 
|   4|0x0000000606000000, 0x0000000606000000, 0x0000000606400000|  0%| F|  |TAMS 0x0000000606000000, 0x0000000606000000| Untracked 
|   5|0x0000000606400000, 0x0000000606400000, 0x0000000606800000|  0%| F|  |TAMS 0x0000000606400000, 0x0000000606400000| Untracked 
|   6|0x0000000606800000, 0x0000000606800000, 0x0000000606c00000|  0%| F|  |TAMS 0x0000000606800000, 0x0000000606800000| Untracked 
|   7|0x0000000606c00000, 0x0000000606c00000, 0x0000000607000000|  0%| F|  |TAMS 0x0000000606c00000, 0x0000000606c00000| Untracked 
|   8|0x0000000607000000, 0x0000000607000000, 0x0000000607400000|  0%| F|  |TAMS 0x0000000607000000, 0x0000000607000000| Untracked 
|   9|0x0000000607400000, 0x0000000607400000, 0x0000000607800000|  0%| F|  |TAMS 0x0000000607400000, 0x0000000607400000| Untracked 
|  10|0x0000000607800000, 0x0000000607800000, 0x0000000607c00000|  0%| F|  |TAMS 0x0000000607800000, 0x0000000607800000| Untracked 
|  11|0x0000000607c00000, 0x0000000607c00000, 0x0000000608000000|  0%| F|  |TAMS 0x0000000607c00000, 0x0000000607c00000| Untracked 
|  12|0x0000000608000000, 0x0000000608000000, 0x0000000608400000|  0%| F|  |TAMS 0x0000000608000000, 0x0000000608000000| Untracked 
|  13|0x0000000608400000, 0x0000000608400000, 0x0000000608800000|  0%| F|  |TAMS 0x0000000608400000, 0x0000000608400000| Untracked 
|  14|0x0000000608800000, 0x0000000608800000, 0x0000000608c00000|  0%| F|  |TAMS 0x0000000608800000, 0x0000000608800000| Untracked 
|  15|0x0000000608c00000, 0x0000000608c00000, 0x0000000609000000|  0%| F|  |TAMS 0x0000000608c00000, 0x0000000608c00000| Untracked 
|  16|0x0000000609000000, 0x0000000609000000, 0x0000000609400000|  0%| F|  |TAMS 0x0000000609000000, 0x0000000609000000| Untracked 
|  17|0x0000000609400000, 0x0000000609400000, 0x0000000609800000|  0%| F|  |TAMS 0x0000000609400000, 0x0000000609400000| Untracked 
|  18|0x0000000609800000, 0x0000000609800000, 0x0000000609c00000|  0%| F|  |TAMS 0x0000000609800000, 0x0000000609800000| Untracked 
|  19|0x0000000609c00000, 0x0000000609c00000, 0x000000060a000000|  0%| F|  |TAMS 0x0000000609c00000, 0x0000000609c00000| Untracked 
|  20|0x000000060a000000, 0x000000060a000000, 0x000000060a400000|  0%| F|  |TAMS 0x000000060a000000, 0x000000060a000000| Untracked 
|  21|0x000000060a400000, 0x000000060a400000, 0x000000060a800000|  0%| F|  |TAMS 0x000000060a400000, 0x000000060a400000| Untracked 
|  22|0x000000060a800000, 0x000000060a800000, 0x000000060ac00000|  0%| F|  |TAMS 0x000000060a800000, 0x000000060a800000| Untracked 
|  23|0x000000060ac00000, 0x000000060ac00000, 0x000000060b000000|  0%| F|  |TAMS 0x000000060ac00000, 0x000000060ac00000| Untracked 
|  24|0x000000060b000000, 0x000000060b000000, 0x000000060b400000|  0%| F|  |TAMS 0x000000060b000000, 0x000000060b000000| Untracked 
|  25|0x000000060b400000, 0x000000060b400000, 0x000000060b800000|  0%| F|  |TAMS 0x000000060b400000, 0x000000060b400000| Untracked 
|  26|0x000000060b800000, 0x000000060b800000, 0x000000060bc00000|  0%| F|  |TAMS 0x000000060b800000, 0x000000060b800000| Untracked 
|  27|0x000000060bc00000, 0x000000060bc00000, 0x000000060c000000|  0%| F|  |TAMS 0x000000060bc00000, 0x000000060bc00000| Untracked 
|  28|0x000000060c000000, 0x000000060c000000, 0x000000060c400000|  0%| F|  |TAMS 0x000000060c000000, 0x000000060c000000| Untracked 
|  29|0x000000060c400000, 0x000000060c400000, 0x000000060c800000|  0%| F|  |TAMS 0x000000060c400000, 0x000000060c400000| Untracked 
|  30|0x000000060c800000, 0x000000060c800000, 0x000000060cc00000|  0%| F|  |TAMS 0x000000060c800000, 0x000000060c800000| Untracked 
|  31|0x000000060cc00000, 0x000000060cc00000, 0x000000060d000000|  0%| F|  |TAMS 0x000000060cc00000, 0x000000060cc00000| Untracked 
|  32|0x000000060d000000, 0x000000060d000000, 0x000000060d400000|  0%| F|  |TAMS 0x000000060d000000, 0x000000060d000000| Untracked 
|  33|0x000000060d400000, 0x000000060d400000, 0x000000060d800000|  0%| F|  |TAMS 0x000000060d400000, 0x000000060d400000| Untracked 
|  34|0x000000060d800000, 0x000000060d800000, 0x000000060dc00000|  0%| F|  |TAMS 0x000000060d800000, 0x000000060d800000| Untracked 
|  35|0x000000060dc00000, 0x000000060dc00000, 0x000000060e000000|  0%| F|  |TAMS 0x000000060dc00000, 0x000000060dc00000| Untracked 
|  36|0x000000060e000000, 0x000000060e000000, 0x000000060e400000|  0%| F|  |TAMS 0x000000060e000000, 0x000000060e000000| Untracked 
|  37|0x000000060e400000, 0x000000060e400000, 0x000000060e800000|  0%| F|  |TAMS 0x000000060e400000, 0x000000060e400000| Untracked 
|  38|0x000000060e800000, 0x000000060e800000, 0x000000060ec00000|  0%| F|  |TAMS 0x000000060e800000, 0x000000060e800000| Untracked 
|  39|0x000000060ec00000, 0x000000060ec00000, 0x000000060f000000|  0%| F|  |TAMS 0x000000060ec00000, 0x000000060ec00000| Untracked 
|  40|0x000000060f000000, 0x000000060f000000, 0x000000060f400000|  0%| F|  |TAMS 0x000000060f000000, 0x000000060f000000| Untracked 
|  41|0x000000060f400000, 0x000000060f400000, 0x000000060f800000|  0%| F|  |TAMS 0x000000060f400000, 0x000000060f400000| Untracked 
|  42|0x000000060f800000, 0x000000060f800000, 0x000000060fc00000|  0%| F|  |TAMS 0x000000060f800000, 0x000000060f800000| Untracked 
|  43|0x000000060fc00000, 0x000000060fc00000, 0x0000000610000000|  0%| F|  |TAMS 0x000000060fc00000, 0x000000060fc00000| Untracked 
|  44|0x0000000610000000, 0x0000000610000000, 0x0000000610400000|  0%| F|  |TAMS 0x0000000610000000, 0x0000000610000000| Untracked 
|  45|0x0000000610400000, 0x0000000610400000, 0x0000000610800000|  0%| F|  |TAMS 0x0000000610400000, 0x0000000610400000| Untracked 
|  46|0x0000000610800000, 0x0000000610800000, 0x0000000610c00000|  0%| F|  |TAMS 0x0000000610800000, 0x0000000610800000| Untracked 
|  47|0x0000000610c00000, 0x0000000610c00000, 0x0000000611000000|  0%| F|  |TAMS 0x0000000610c00000, 0x0000000610c00000| Untracked 
|  48|0x0000000611000000, 0x0000000611000000, 0x0000000611400000|  0%| F|  |TAMS 0x0000000611000000, 0x0000000611000000| Untracked 
|  49|0x0000000611400000, 0x0000000611400000, 0x0000000611800000|  0%| F|  |TAMS 0x0000000611400000, 0x0000000611400000| Untracked 
|  50|0x0000000611800000, 0x0000000611800000, 0x0000000611c00000|  0%| F|  |TAMS 0x0000000611800000, 0x0000000611800000| Untracked 
|  51|0x0000000611c00000, 0x0000000611c00000, 0x0000000612000000|  0%| F|  |TAMS 0x0000000611c00000, 0x0000000611c00000| Untracked 
|  52|0x0000000612000000, 0x0000000612000000, 0x0000000612400000|  0%| F|  |TAMS 0x0000000612000000, 0x0000000612000000| Untracked 
|  53|0x0000000612400000, 0x0000000612400000, 0x0000000612800000|  0%| F|  |TAMS 0x0000000612400000, 0x0000000612400000| Untracked 
|  54|0x0000000612800000, 0x0000000612800000, 0x0000000612c00000|  0%| F|  |TAMS 0x0000000612800000, 0x0000000612800000| Untracked 
|  55|0x0000000612c00000, 0x0000000612c00000, 0x0000000613000000|  0%| F|  |TAMS 0x0000000612c00000, 0x0000000612c00000| Untracked 
|  56|0x0000000613000000, 0x0000000613000000, 0x0000000613400000|  0%| F|  |TAMS 0x0000000613000000, 0x0000000613000000| Untracked 
|  57|0x0000000613400000, 0x0000000613400000, 0x0000000613800000|  0%| F|  |TAMS 0x0000000613400000, 0x0000000613400000| Untracked 
|  58|0x0000000613800000, 0x0000000613800000, 0x0000000613c00000|  0%| F|  |TAMS 0x0000000613800000, 0x0000000613800000| Untracked 
|  59|0x0000000613c00000, 0x0000000613c00000, 0x0000000614000000|  0%| F|  |TAMS 0x0000000613c00000, 0x0000000613c00000| Untracked 
|  60|0x0000000614000000, 0x0000000614000000, 0x0000000614400000|  0%| F|  |TAMS 0x0000000614000000, 0x0000000614000000| Untracked 
|  61|0x0000000614400000, 0x0000000614400000, 0x0000000614800000|  0%| F|  |TAMS 0x0000000614400000, 0x0000000614400000| Untracked 
|  62|0x0000000614800000, 0x0000000614800000, 0x0000000614c00000|  0%| F|  |TAMS 0x0000000614800000, 0x0000000614800000| Untracked 
|  63|0x0000000614c00000, 0x0000000614c00000, 0x0000000615000000|  0%| F|  |TAMS 0x0000000614c00000, 0x0000000614c00000| Untracked 
|  64|0x0000000615000000, 0x0000000615000000, 0x0000000615400000|  0%| F|  |TAMS 0x0000000615000000, 0x0000000615000000| Untracked 
|  65|0x0000000615400000, 0x0000000615400000, 0x0000000615800000|  0%| F|  |TAMS 0x0000000615400000, 0x0000000615400000| Untracked 
|  66|0x0000000615800000, 0x0000000615800000, 0x0000000615c00000|  0%| F|  |TAMS 0x0000000615800000, 0x0000000615800000| Untracked 
|  67|0x0000000615c00000, 0x0000000615c00000, 0x0000000616000000|  0%| F|  |TAMS 0x0000000615c00000, 0x0000000615c00000| Untracked 
|  68|0x0000000616000000, 0x0000000616000000, 0x0000000616400000|  0%| F|  |TAMS 0x0000000616000000, 0x0000000616000000| Untracked 
|  69|0x0000000616400000, 0x0000000616400000, 0x0000000616800000|  0%| F|  |TAMS 0x0000000616400000, 0x0000000616400000| Untracked 
|  70|0x0000000616800000, 0x0000000616800000, 0x0000000616c00000|  0%| F|  |TAMS 0x0000000616800000, 0x0000000616800000| Untracked 
|  71|0x0000000616c00000, 0x0000000616c00000, 0x0000000617000000|  0%| F|  |TAMS 0x0000000616c00000, 0x0000000616c00000| Untracked 
|  72|0x0000000617000000, 0x0000000617000000, 0x0000000617400000|  0%| F|  |TAMS 0x0000000617000000, 0x0000000617000000| Untracked 
|  73|0x0000000617400000, 0x0000000617400000, 0x0000000617800000|  0%| F|  |TAMS 0x0000000617400000, 0x0000000617400000| Untracked 
|  74|0x0000000617800000, 0x0000000617800000, 0x0000000617c00000|  0%| F|  |TAMS 0x0000000617800000, 0x0000000617800000| Untracked 
|  75|0x0000000617c00000, 0x0000000617c00000, 0x0000000618000000|  0%| F|  |TAMS 0x0000000617c00000, 0x0000000617c00000| Untracked 
|  76|0x0000000618000000, 0x0000000618000000, 0x0000000618400000|  0%| F|  |TAMS 0x0000000618000000, 0x0000000618000000| Untracked 
|  77|0x0000000618400000, 0x0000000618400000, 0x0000000618800000|  0%| F|  |TAMS 0x0000000618400000, 0x0000000618400000| Untracked 
|  78|0x0000000618800000, 0x0000000618800000, 0x0000000618c00000|  0%| F|  |TAMS 0x0000000618800000, 0x0000000618800000| Untracked 
|  79|0x0000000618c00000, 0x0000000618c00000, 0x0000000619000000|  0%| F|  |TAMS 0x0000000618c00000, 0x0000000618c00000| Untracked 
|  80|0x0000000619000000, 0x0000000619000000, 0x0000000619400000|  0%| F|  |TAMS 0x0000000619000000, 0x0000000619000000| Untracked 
|  81|0x0000000619400000, 0x0000000619400000, 0x0000000619800000|  0%| F|  |TAMS 0x0000000619400000, 0x0000000619400000| Untracked 
|  82|0x0000000619800000, 0x0000000619800000, 0x0000000619c00000|  0%| F|  |TAMS 0x0000000619800000, 0x0000000619800000| Untracked 
|  83|0x0000000619c00000, 0x0000000619c00000, 0x000000061a000000|  0%| F|  |TAMS 0x0000000619c00000, 0x0000000619c00000| Untracked 
|  84|0x000000061a000000, 0x000000061a000000, 0x000000061a400000|  0%| F|  |TAMS 0x000000061a000000, 0x000000061a000000| Untracked 
|  85|0x000000061a400000, 0x000000061a400000, 0x000000061a800000|  0%| F|  |TAMS 0x000000061a400000, 0x000000061a400000| Untracked 
|  86|0x000000061a800000, 0x000000061a800000, 0x000000061ac00000|  0%| F|  |TAMS 0x000000061a800000, 0x000000061a800000| Untracked 
|  87|0x000000061ac00000, 0x000000061ac00000, 0x000000061b000000|  0%| F|  |TAMS 0x000000061ac00000, 0x000000061ac00000| Untracked 
|  88|0x000000061b000000, 0x000000061b000000, 0x000000061b400000|  0%| F|  |TAMS 0x000000061b000000, 0x000000061b000000| Untracked 
|  89|0x000000061b400000, 0x000000061b400000, 0x000000061b800000|  0%| F|  |TAMS 0x000000061b400000, 0x000000061b400000| Untracked 
|  90|0x000000061b800000, 0x000000061b800000, 0x000000061bc00000|  0%| F|  |TAMS 0x000000061b800000, 0x000000061b800000| Untracked 
|  91|0x000000061bc00000, 0x000000061bc00000, 0x000000061c000000|  0%| F|  |TAMS 0x000000061bc00000, 0x000000061bc00000| Untracked 
|  92|0x000000061c000000, 0x000000061c000000, 0x000000061c400000|  0%| F|  |TAMS 0x000000061c000000, 0x000000061c000000| Untracked 
|  93|0x000000061c400000, 0x000000061c400000, 0x000000061c800000|  0%| F|  |TAMS 0x000000061c400000, 0x000000061c400000| Untracked 
|  94|0x000000061c800000, 0x000000061c800000, 0x000000061cc00000|  0%| F|  |TAMS 0x000000061c800000, 0x000000061c800000| Untracked 
|  95|0x000000061cc00000, 0x000000061cc00000, 0x000000061d000000|  0%| F|  |TAMS 0x000000061cc00000, 0x000000061cc00000| Untracked 
|  96|0x000000061d000000, 0x000000061d000000, 0x000000061d400000|  0%| F|  |TAMS 0x000000061d000000, 0x000000061d000000| Untracked 
|  97|0x000000061d400000, 0x000000061d400000, 0x000000061d800000|  0%| F|  |TAMS 0x000000061d400000, 0x000000061d400000| Untracked 
|  98|0x000000061d800000, 0x000000061d800000, 0x000000061dc00000|  0%| F|  |TAMS 0x000000061d800000, 0x000000061d800000| Untracked 
|  99|0x000000061dc00000, 0x000000061dc00000, 0x000000061e000000|  0%| F|  |TAMS 0x000000061dc00000, 0x000000061dc00000| Untracked 
| 100|0x000000061e000000, 0x000000061e000000, 0x000000061e400000|  0%| F|  |TAMS 0x000000061e000000, 0x000000061e000000| Untracked 
| 101|0x000000061e400000, 0x000000061e400000, 0x000000061e800000|  0%| F|  |TAMS 0x000000061e400000, 0x000000061e400000| Untracked 
| 102|0x000000061e800000, 0x000000061e800000, 0x000000061ec00000|  0%| F|  |TAMS 0x000000061e800000, 0x000000061e800000| Untracked 
| 103|0x000000061ec00000, 0x000000061ec00000, 0x000000061f000000|  0%| F|  |TAMS 0x000000061ec00000, 0x000000061ec00000| Untracked 
| 104|0x000000061f000000, 0x000000061f000000, 0x000000061f400000|  0%| F|  |TAMS 0x000000061f000000, 0x000000061f000000| Untracked 
| 105|0x000000061f400000, 0x000000061f400000, 0x000000061f800000|  0%| F|  |TAMS 0x000000061f400000, 0x000000061f400000| Untracked 
| 106|0x000000061f800000, 0x000000061f800000, 0x000000061fc00000|  0%| F|  |TAMS 0x000000061f800000, 0x000000061f800000| Untracked 
| 107|0x000000061fc00000, 0x000000061fc00000, 0x0000000620000000|  0%| F|  |TAMS 0x000000061fc00000, 0x000000061fc00000| Untracked 
| 108|0x0000000620000000, 0x0000000620000000, 0x0000000620400000|  0%| F|  |TAMS 0x0000000620000000, 0x0000000620000000| Untracked 
| 109|0x0000000620400000, 0x0000000620400000, 0x0000000620800000|  0%| F|  |TAMS 0x0000000620400000, 0x0000000620400000| Untracked 
| 110|0x0000000620800000, 0x0000000620800000, 0x0000000620c00000|  0%| F|  |TAMS 0x0000000620800000, 0x0000000620800000| Untracked 
| 111|0x0000000620c00000, 0x0000000620c00000, 0x0000000621000000|  0%| F|  |TAMS 0x0000000620c00000, 0x0000000620c00000| Untracked 
| 112|0x0000000621000000, 0x0000000621000000, 0x0000000621400000|  0%| F|  |TAMS 0x0000000621000000, 0x0000000621000000| Untracked 
| 113|0x0000000621400000, 0x0000000621400000, 0x0000000621800000|  0%| F|  |TAMS 0x0000000621400000, 0x0000000621400000| Untracked 
| 114|0x0000000621800000, 0x0000000621800000, 0x0000000621c00000|  0%| F|  |TAMS 0x0000000621800000, 0x0000000621800000| Untracked 
| 115|0x0000000621c00000, 0x0000000621c00000, 0x0000000622000000|  0%| F|  |TAMS 0x0000000621c00000, 0x0000000621c00000| Untracked 
| 116|0x0000000622000000, 0x0000000622000000, 0x0000000622400000|  0%| F|  |TAMS 0x0000000622000000, 0x0000000622000000| Untracked 
| 117|0x0000000622400000, 0x0000000622400000, 0x0000000622800000|  0%| F|  |TAMS 0x0000000622400000, 0x0000000622400000| Untracked 
| 118|0x0000000622800000, 0x0000000622800000, 0x0000000622c00000|  0%| F|  |TAMS 0x0000000622800000, 0x0000000622800000| Untracked 
| 119|0x0000000622c00000, 0x0000000622c00000, 0x0000000623000000|  0%| F|  |TAMS 0x0000000622c00000, 0x0000000622c00000| Untracked 
| 120|0x0000000623000000, 0x0000000623400000, 0x0000000623400000|100%| S|CS|TAMS 0x0000000623000000, 0x0000000623000000| Complete 
| 121|0x0000000623400000, 0x0000000623400000, 0x0000000623800000|  0%| F|  |TAMS 0x0000000623400000, 0x0000000623400000| Untracked 
| 122|0x0000000623800000, 0x0000000623800000, 0x0000000623c00000|  0%| F|  |TAMS 0x0000000623800000, 0x0000000623800000| Untracked 
| 123|0x0000000623c00000, 0x0000000623c00000, 0x0000000624000000|  0%| F|  |TAMS 0x0000000623c00000, 0x0000000623c00000| Untracked 
| 124|0x0000000624000000, 0x0000000624000000, 0x0000000624400000|  0%| F|  |TAMS 0x0000000624000000, 0x0000000624000000| Untracked 
| 125|0x0000000624400000, 0x00000006245f5380, 0x0000000624800000| 48%| E|  |TAMS 0x0000000624400000, 0x0000000624400000| Complete 
| 126|0x0000000624800000, 0x0000000624c00000, 0x0000000624c00000|100%| E|  |TAMS 0x0000000624800000, 0x0000000624800000| Complete 

Card table byte_map: [0x000002a0741f0000,0x000002a0751d0000] _byte_map_base: 0x000002a0711c8000

Marking Bits (Prev, Next): (CMBitMap*) 0x000002a06924e180, (CMBitMap*) 0x000002a06924e1c0
 Prev Bits: [0x000002a0761b0000, 0x000002a07e070000)
 Next Bits: [0x000002a00f000000, 0x000002a016ec0000)

Polling page: 0x000002a068fb0000

Metaspace:

Usage:
  Non-class:      2.09 MB used.
      Class:    230.10 KB used.
       Both:      2.31 MB used.

Virtual space:
  Non-class space:       64.00 MB reserved,       2.12 MB (  3%) committed,  1 nodes.
      Class space:        1.00 GB reserved,     256.00 KB ( <1%) committed,  1 nodes.
             Both:        1.06 GB reserved,       2.38 MB ( <1%) committed. 

Chunk freelists:
   Non-Class:  11.38 MB
       Class:  15.64 MB
        Both:  27.00 MB

MaxMetaspaceSize: unlimited
CompressedClassSpaceSize: 1.00 GB
Initial GC threshold: 21.00 MB
Current GC threshold: 21.00 MB
CDS: on
MetaspaceReclaimPolicy: balanced
 - commit_granule_bytes: 65536.
 - commit_granule_words: 8192.
 - virtual_space_node_default_size: 8388608.
 - enlarge_chunks_in_place: 1.
 - new_chunks_are_fully_committed: 0.
 - uncommit_free_chunks: 1.
 - use_allocation_guard: 0.
 - handle_deallocations: 1.


Internal statistics:

num_allocs_failed_limit: 0.
num_arena_births: 12.
num_arena_deaths: 0.
num_vsnodes_births: 2.
num_vsnodes_deaths: 0.
num_space_committed: 39.
num_space_uncommitted: 0.
num_chunks_returned_to_freelist: 0.
num_chunks_taken_from_freelist: 50.
num_chunk_merges: 0.
num_chunk_splits: 34.
num_chunks_enlarged: 26.
num_inconsistent_stats: 0.

CodeHeap 'non-profiled nmethods': size=120000Kb used=379Kb max_used=379Kb free=119620Kb
 bounds [0x000002a007ad0000, 0x000002a007d40000, 0x000002a00f000000]
CodeHeap 'profiled nmethods': size=120000Kb used=1619Kb max_used=1619Kb free=118380Kb
 bounds [0x000002a000000000, 0x000002a000270000, 0x000002a007530000]
CodeHeap 'non-nmethods': size=5760Kb used=1131Kb max_used=1156Kb free=4628Kb
 bounds [0x000002a007530000, 0x000002a0077a0000, 0x000002a007ad0000]
 total_blobs=1244 nmethods=828 adapters=329
 compilation: enabled
              stopped_count=0, restarted_count=0
 full_count=0

Compilation events (20 events):
Event: 2.636 Thread 0x000002a0693574a0  768       3       java.util.jar.JavaUtilJarAccessImpl::jarFileHasClassPathAttribute (5 bytes)
Event: 2.636 Thread 0x000002a0693574a0 nmethod 768 0x000002a000166590 code [0x000002a000166740, 0x000002a000166908]
Event: 2.636 Thread 0x000002a0693574a0  769       3       java.util.jar.JarFile::hasClassPathAttribute (9 bytes)
Event: 2.637 Thread 0x000002a0693574a0 nmethod 769 0x000002a000166a10 code [0x000002a000166ba0, 0x000002a000166ce8]
Event: 2.638 Thread 0x000002a0693574a0  771   !   3       jdk.internal.loader.URLClassPath::getLoader (29 bytes)
Event: 2.638 Thread 0x000002a0693574a0 nmethod 771 0x000002a000166d90 code [0x000002a000166f80, 0x000002a0001677c8]
Event: 2.649 Thread 0x000002a0693574a0  772       3       java.util.jar.JarFile::getManEntry (39 bytes)
Event: 2.649 Thread 0x000002a05a816020 nmethod 707 0x000002a007b1f710 code [0x000002a007b1f920, 0x000002a007b20850]
Event: 2.650 Thread 0x000002a0693574a0 nmethod 772 0x000002a000167a10 code [0x000002a000167be0, 0x000002a000167fb8]
Event: 2.650 Thread 0x000002a05a816020  712   !   4       jdk.internal.loader.URLClassPath$JarLoader::ensureOpen (36 bytes)
Event: 2.653 Thread 0x000002a05a816020 nmethod 712 0x000002a007b21090 code [0x000002a007b21260, 0x000002a007b21500]
Event: 2.653 Thread 0x000002a05a816020  713       4       java.util.jar.JarFile::getEntry (35 bytes)
Event: 2.660 Thread 0x000002a0693574a0  773       3       java.util.zip.Inflater::<init> (28 bytes)
Event: 2.661 Thread 0x000002a0693574a0 nmethod 773 0x000002a000168110 code [0x000002a000168300, 0x000002a0001687f8]
Event: 2.693 Thread 0x000002a0693574a0  775   !   3       java.util.jar.JarFile::getBytes (218 bytes)
Event: 2.695 Thread 0x000002a0693574a0 nmethod 775 0x000002a000168990 code [0x000002a000168d80, 0x000002a00016a518]
Event: 2.703 Thread 0x000002a05a816020 nmethod 713 0x000002a007b21790 code [0x000002a007b21a40, 0x000002a007b238c0]
Event: 2.703 Thread 0x000002a05a816020  774       4       java.util.zip.ZipFile$Source::initCEN (591 bytes)
Event: 2.718 Thread 0x000002a0693574a0  778       3       jdk.internal.misc.Unsafe::checkOffset (32 bytes)
Event: 2.718 Thread 0x000002a0693574a0 nmethod 778 0x000002a00016b190 code [0x000002a00016b340, 0x000002a00016b5c8]

GC Heap History (2 events):
Event: 2.614 GC heap before
{Heap before GC invocations=0 (full 0):
 garbage-first heap   total 520192K, used 20480K [0x0000000605000000, 0x0000000800000000)
  region size 4096K, 6 young (24576K), 0 survivors (0K)
 Metaspace       used 2087K, committed 2240K, reserved 1114112K
  class space    used 200K, committed 256K, reserved 1048576K
}
Event: 2.625 GC heap after
{Heap after GC invocations=1 (full 0):
 garbage-first heap   total 520192K, used 14417K [0x0000000605000000, 0x0000000800000000)
  region size 4096K, 1 young (4096K), 1 survivors (4096K)
 Metaspace       used 2087K, committed 2240K, reserved 1114112K
  class space    used 200K, committed 256K, reserved 1048576K
}

Deoptimization events (20 events):
Event: 2.345 Thread 0x000002a0691e0d50 DEOPT PACKING pc=0x000002a000121456 sp=0x000000dbe2bfa180
Event: 2.345 Thread 0x000002a0691e0d50 DEOPT UNPACKING pc=0x000002a007582b43 sp=0x000000dbe2bf9608 mode 0
Event: 2.361 Thread 0x000002a0691e0d50 DEOPT PACKING pc=0x000002a00000c498 sp=0x000000dbe2bfa610
Event: 2.361 Thread 0x000002a0691e0d50 DEOPT UNPACKING pc=0x000002a007582b43 sp=0x000000dbe2bf9b18 mode 0
Event: 2.367 Thread 0x000002a0691e0d50 DEOPT PACKING pc=0x000002a000121456 sp=0x000000dbe2bfa400
Event: 2.367 Thread 0x000002a0691e0d50 DEOPT UNPACKING pc=0x000002a007582b43 sp=0x000000dbe2bf9888 mode 0
Event: 2.409 Thread 0x000002a0691e0d50 Uncommon trap: trap_request=0xffffff45 fr.pc=0x000002a007af9be0 relative=0x00000000000002c0
Event: 2.409 Thread 0x000002a0691e0d50 Uncommon trap: reason=unstable_if action=reinterpret pc=0x000002a007af9be0 method=java.util.jar.JarFile.match([B[B[B[B)I @ 52 c2
Event: 2.409 Thread 0x000002a0691e0d50 DEOPT PACKING pc=0x000002a007af9be0 sp=0x000000dbe2bfa6f0
Event: 2.409 Thread 0x000002a0691e0d50 DEOPT UNPACKING pc=0x000002a0075823a3 sp=0x000000dbe2bfa660 mode 2
Event: 2.449 Thread 0x000002a0691e0d50 DEOPT PACKING pc=0x000002a000133634 sp=0x000000dbe2bfa6f0
Event: 2.449 Thread 0x000002a0691e0d50 DEOPT UNPACKING pc=0x000002a007582b43 sp=0x000000dbe2bf9b60 mode 0
Event: 2.500 Thread 0x000002a0691e0d50 DEOPT PACKING pc=0x000002a000133634 sp=0x000000dbe2bfa6a0
Event: 2.500 Thread 0x000002a0691e0d50 DEOPT UNPACKING pc=0x000002a007582b43 sp=0x000000dbe2bf9b10 mode 0
Event: 2.642 Thread 0x000002a0691e0d50 DEOPT PACKING pc=0x000002a000133634 sp=0x000000dbe2bfccf0
Event: 2.642 Thread 0x000002a0691e0d50 DEOPT UNPACKING pc=0x000002a007582b43 sp=0x000000dbe2bfc160 mode 0
Event: 2.664 Thread 0x000002a0691e0d50 DEOPT PACKING pc=0x000002a0000d96be sp=0x000000dbe2bfcaf0
Event: 2.664 Thread 0x000002a0691e0d50 DEOPT UNPACKING pc=0x000002a007582b43 sp=0x000000dbe2bfc080 mode 0
Event: 2.683 Thread 0x000002a0691e0d50 DEOPT PACKING pc=0x000002a000133634 sp=0x000000dbe2bfcdf0
Event: 2.683 Thread 0x000002a0691e0d50 DEOPT UNPACKING pc=0x000002a007582b43 sp=0x000000dbe2bfc260 mode 0

Classes unloaded (0 events):
No events

Classes redefined (0 events):
No events

Internal exceptions (3 events):
Event: 1.750 Thread 0x000002a05a302700 Exception <a 'java/lang/NoSuchMethodError'{0x0000000624ae5fb8}: 'java.lang.Object java.lang.invoke.DirectMethodHandle$Holder.invokeStaticInit(java.lang.Object)'> (0x0000000624ae5fb8) 
thrown [s\open\src\hotspot\share\interpreter\linkResolver.cpp, line 759]
Event: 1.765 Thread 0x000002a05a302700 Exception <a 'java/lang/NoSuchMethodError'{0x0000000624af3cf8}: 'void java.lang.invoke.DirectMethodHandle$Holder.invokeStatic(java.lang.Object, java.lang.Object)'> (0x0000000624af3cf8) 
thrown [s\open\src\hotspot\share\interpreter\linkResolver.cpp, line 759]
Event: 1.909 Thread 0x000002a0691e0d50 Exception <a 'java/io/FileNotFoundException'{0x00000006247cf3c0}> (0x00000006247cf3c0) 
thrown [s\open\src\hotspot\share\prims\jni.cpp, line 516]

VM Operations (12 events):
Event: 1.152 Executing VM operation: Cleanup
Event: 1.152 Executing VM operation: Cleanup done
Event: 1.664 Executing VM operation: HandshakeAllThreads
Event: 1.664 Executing VM operation: HandshakeAllThreads done
Event: 1.749 Executing VM operation: HandshakeAllThreads
Event: 1.749 Executing VM operation: HandshakeAllThreads done
Event: 2.555 Executing VM operation: HandshakeAllThreads
Event: 2.555 Executing VM operation: HandshakeAllThreads done
Event: 2.555 Executing VM operation: Cleanup
Event: 2.556 Executing VM operation: Cleanup done
Event: 2.614 Executing VM operation: G1CollectForAllocation
Event: 2.627 Executing VM operation: G1CollectForAllocation done

Events (20 events):
Event: 2.286 Thread 0x000002a05a816020 Thread added: 0x000002a05a816020
Event: 2.535 loading class java/lang/IllegalStateException
Event: 2.535 loading class java/lang/IllegalStateException done
Event: 2.537 loading class java/util/ServiceConfigurationError
Event: 2.537 loading class java/util/ServiceConfigurationError done
Event: 2.542 loading class java/lang/UnsupportedOperationException
Event: 2.542 loading class java/lang/UnsupportedOperationException done
Event: 2.545 loading class java/util/concurrent/LinkedBlockingQueue
Event: 2.545 loading class java/util/concurrent/BlockingQueue
Event: 2.546 loading class java/util/concurrent/BlockingQueue done
Event: 2.546 loading class java/util/concurrent/LinkedBlockingQueue done
Event: 2.546 loading class java/util/concurrent/locks/AbstractQueuedSynchronizer$ConditionObject
Event: 2.546 loading class java/util/concurrent/locks/Condition
Event: 2.546 loading class java/util/concurrent/locks/Condition done
Event: 2.546 loading class java/util/concurrent/locks/AbstractQueuedSynchronizer$ConditionObject done
Event: 2.546 loading class java/util/concurrent/LinkedBlockingQueue$Node
Event: 2.547 loading class java/util/concurrent/LinkedBlockingQueue$Node done
Event: 2.551 loading class java/lang/InheritableThreadLocal
Event: 2.551 loading class java/lang/InheritableThreadLocal done
Event: 2.565 Loaded shared library C:\Program Files\Java\jdk-17\bin\jimage.dll


Dynamic libraries:
0x00007ff70e5c0000 - 0x00007ff70e5d0000 	C:\Program Files\Java\jdk-17\bin\java.exe
0x00007ffa66210000 - 0x00007ffa66408000 	C:\Windows\SYSTEM32\ntdll.dll
0x00007ffa65900000 - 0x00007ffa659c2000 	C:\Windows\System32\KERNEL32.DLL
0x00007ffa63930000 - 0x00007ffa63c26000 	C:\Windows\System32\KERNELBASE.dll
0x0000000076f80000 - 0x000000007701d000 	C:\ProgramData\Symantec\Symantec Endpoint Protection\14.3.9265.6000.105\Data\Sysfer\x64\sysfer.dll
0x00007ffa63ec0000 - 0x00007ffa63fc0000 	C:\Windows\System32\ucrtbase.dll
0x00007ffa5a060000 - 0x00007ffa5a079000 	C:\Program Files\Java\jdk-17\bin\jli.dll
0x00007ffa64bf0000 - 0x00007ffa64c9f000 	C:\Windows\System32\ADVAPI32.dll
0x00007ffa58cf0000 - 0x00007ffa58d0b000 	C:\Program Files\Java\jdk-17\bin\VCRUNTIME140.dll
0x00007ffa652a0000 - 0x00007ffa6533e000 	C:\Windows\System32\msvcrt.dll
0x00007ffa64230000 - 0x00007ffa642cf000 	C:\Windows\System32\sechost.dll
0x00007ffa64db0000 - 0x00007ffa64ed3000 	C:\Windows\System32\RPCRT4.dll
0x00007ffa64060000 - 0x00007ffa64087000 	C:\Windows\System32\bcrypt.dll
0x00007ffa65fb0000 - 0x00007ffa6614d000 	C:\Windows\System32\USER32.dll
0x00007ffa63d90000 - 0x00007ffa63db2000 	C:\Windows\System32\win32u.dll
0x00007ffa51590000 - 0x00007ffa5182a000 	C:\Windows\WinSxS\amd64_microsoft.windows.common-controls_6595b64144ccf1df_6.0.19041.4355_none_60b8b9eb71f62e16\COMCTL32.dll
0x00007ffa64b10000 - 0x00007ffa64b3b000 	C:\Windows\System32\GDI32.dll
0x00007ffa64110000 - 0x00007ffa6422a000 	C:\Windows\System32\gdi32full.dll
0x00007ffa63fc0000 - 0x00007ffa6405d000 	C:\Windows\System32\msvcp_win.dll
0x00007ffa487a0000 - 0x00007ffa487aa000 	C:\Windows\SYSTEM32\VERSION.dll
0x00007ffa64a40000 - 0x00007ffa64a6f000 	C:\Windows\System32\IMM32.DLL
0x000002a068fe0000 - 0x000002a068ff6000 	C:\Windows\System32\umppc19508.dll
0x000002a069020000 - 0x000002a069033000 	C:\Windows\System32\CsXumd64_19508.dll
0x00007ffa5a0e0000 - 0x00007ffa5a0ec000 	C:\Program Files\Java\jdk-17\bin\vcruntime140_1.dll
0x00007ffa2ed70000 - 0x00007ffa2edfe000 	C:\Program Files\Java\jdk-17\bin\msvcp140.dll
0x00007ffa0d5c0000 - 0x00007ffa0e1a0000 	C:\Program Files\Java\jdk-17\bin\server\jvm.dll
0x00007ffa65a40000 - 0x00007ffa65a48000 	C:\Windows\System32\PSAPI.DLL
0x00007ffa3a750000 - 0x00007ffa3a759000 	C:\Windows\SYSTEM32\WSOCK32.dll
0x00007ffa659d0000 - 0x00007ffa65a3b000 	C:\Windows\System32\WS2_32.dll
0x00007ffa54920000 - 0x00007ffa54947000 	C:\Windows\SYSTEM32\WINMM.dll
0x00007ffa612e0000 - 0x00007ffa612f2000 	C:\Windows\SYSTEM32\kernel.appcore.dll
0x00007ffa5a050000 - 0x00007ffa5a05a000 	C:\Program Files\Java\jdk-17\bin\jimage.dll
0x00007ffa60ae0000 - 0x00007ffa60cc4000 	C:\Windows\SYSTEM32\DBGHELP.DLL
0x00007ffa483b0000 - 0x00007ffa483e4000 	C:\Windows\SYSTEM32\dbgcore.DLL
0x00007ffa638a0000 - 0x00007ffa63922000 	C:\Windows\System32\bcryptPrimitives.dll
0x00007ffa573e0000 - 0x00007ffa573ee000 	C:\Program Files\Java\jdk-17\bin\instrument.dll
0x00007ffa58c10000 - 0x00007ffa58c35000 	C:\Program Files\Java\jdk-17\bin\java.dll
0x00007ffa15f70000 - 0x00007ffa16047000 	C:\Program Files\Java\jdk-17\bin\jsvml.dll
0x00007ffa642d0000 - 0x00007ffa64a3f000 	C:\Windows\System32\SHELL32.dll
0x00007ffa61500000 - 0x00007ffa61ca3000 	C:\Windows\SYSTEM32\windows.storage.dll
0x00007ffa65c50000 - 0x00007ffa65fa5000 	C:\Windows\System32\combase.dll
0x00007ffa631a0000 - 0x00007ffa631cb000 	C:\Windows\SYSTEM32\Wldp.dll
0x00007ffa64ee0000 - 0x00007ffa64fad000 	C:\Windows\System32\OLEAUT32.dll
0x00007ffa64b40000 - 0x00007ffa64bed000 	C:\Windows\System32\SHCORE.dll
0x00007ffa64d50000 - 0x00007ffa64da5000 	C:\Windows\System32\shlwapi.dll
0x00007ffa637d0000 - 0x00007ffa637f5000 	C:\Windows\SYSTEM32\profapi.dll
0x00007ffa524b0000 - 0x00007ffa524c8000 	C:\Program Files\Java\jdk-17\bin\zip.dll
0x00007ffa575a0000 - 0x00007ffa575b9000 	C:\Program Files\Java\jdk-17\bin\net.dll
0x00007ffa627c0000 - 0x00007ffa628ca000 	C:\Windows\SYSTEM32\WINHTTP.dll
0x00007ffa62f60000 - 0x00007ffa62fcc000 	C:\Windows\system32\mswsock.dll
0x00007ffa57550000 - 0x00007ffa57566000 	C:\Program Files\Java\jdk-17\bin\nio.dll
0x00007ffa51350000 - 0x00007ffa5136a000 	C:\Program Files (x86)\JetBrains\IntelliJ IDEA Community Edition 2023.3.4\bin\breakgen64.dll
0x00007ffa58b50000 - 0x00007ffa58b60000 	C:\Program Files\Java\jdk-17\bin\verify.dll

dbghelp: loaded successfully - version: 4.0.5 - missing functions: none
symbol engine: initialized successfully - sym options: 0x614 - pdb path: .;C:\Program Files\Java\jdk-17\bin;C:\Windows\SYSTEM32;C:\ProgramData\Symantec\Symantec Endpoint Protection\14.3.9265.6000.105\Data\Sysfer\x64;C:\Windows\WinSxS\amd64_microsoft.windows.common-controls_6595b64144ccf1df_6.0.19041.4355_none_60b8b9eb71f62e16;C:\Program Files\Java\jdk-17\bin\server;C:\Program Files (x86)\JetBrains\IntelliJ IDEA Community Edition 2023.3.4\bin

VM Arguments:
jvm_args: -ea -Djava.awt.headless=true -Didea.test.cyclic.buffer.size=1048576 -javaagent:C:\Program Files (x86)\JetBrains\IntelliJ IDEA Community Edition 2023.3.4\lib\idea_rt.jar=52541:C:\Program Files (x86)\JetBrains\IntelliJ IDEA Community Edition 2023.3.4\bin -Dfile.encoding=UTF-8 
java_command: com.intellij.rt.junit.JUnitStarter -ideVersion5 -junit4 com.ae.network.api.tests.apiCentre.cardServices.Cards,apiCentre_Cards_Journey
java_class_path (initial): C:\Program Files (x86)\JetBrains\IntelliJ IDEA Community Edition 2023.3.4\lib\idea_rt.jar;C:\Program Files (x86)\JetBrains\IntelliJ IDEA Community Edition 2023.3.4\plugins\junit\lib\junit5-rt.jar;C:\Program Files (x86)\JetBrains\IntelliJ IDEA Community Edition 2023.3.4\plugins\junit\lib\junit-rt.jar;C:\Users\rupamc\APICentre_CardControls\apgcardcontrols\target\test-classes;C:\Users\rupamc\APICentre_CardControls\apgcardcontrols\target\classes;C:\Users\rupamc\.m2\repository\org\seleniumhq\selenium\selenium-java\4.7.1\selenium-java-4.7.1.jar;C:\Users\rupamc\.m2\repository\org\seleniumhq\selenium\selenium-api\4.7.1\selenium-api-4.7.1.jar;C:\Users\rupamc\.m2\repository\io\github\bonigarcia\webdrivermanager\5.7.0\webdrivermanager-5.7.0.jar;C:\Users\rupamc\.m2\repository\ru\yandex\qatools\ashot\ashot\1.5.4\ashot-1.5.4.jar;C:\Users\rupamc\.m2\repository\org\springframework\spring-core\6.0.2\spring-core-6.0.2.jar;C:\Users\rupamc\.m2\repository\org\springframework\spring-test\6.0.2\spring-test-6.0.2.jar;C:\Users\rupamc\.m2\repository\org\springframework\data\spring-data-commons\3.0.0\spring-data-commons-3.0.0.jar;C:\Users\rupamc\.m2\repository\org\testcontainers\testcontainers\1.18.3\testcontainers-1.18.3.jar;C:\Users\rupamc\.m2\repository\org\springframework\spring-context\6.0.2\spring-context-6.0.2.jar;C:\Users\rupamc\.m2\repository\org\springframework\boot\spring-boot\3.0.0\spring-boot-3.0.0.jar;C:\Users\rupamc\.m2\repository\org\springframework\spring-jdbc\6.0.9\spring-jdbc-6.0.9.jar;C:\Users\rupamc\.m2\repository\org\springframework\boot\spring-boot-test\3.0.0\spring-boot-test-3.0.0.jar;C:\Users\rupamc\.m2\repository\org\junit\vintage\junit-vintage-engine\5.9.0\junit-vintage-engine-5.9.0.jar;C:\Users\rupamc\.m2\repository\commons-io\commons-io\2.11.0\commons-io-2.11.0.jar;C:\Users\rupamc\.m2\repository\org\apache\poi\poi\5.2.2\poi-5.2.2.jar;C:\Users\rupamc\.m2\repository\org\apache\pdfbox\pdfbox\3.0.2\pdfbox-3.0.2.jar;C:\Users\rupamc\.m2\repo
Launcher Type: SUN_STANDARD

[Global flags]
     intx CICompilerCount                          = 4                                         {product} {ergonomic}
     uint ConcGCThreads                            = 3                                         {product} {ergonomic}
     uint G1ConcRefinementThreads                  = 10                                        {product} {ergonomic}
   size_t G1HeapRegionSize                         = 4194304                                   {product} {ergonomic}
    uintx GCDrainStackTargetSize                   = 64                                        {product} {ergonomic}
   size_t InitialHeapSize                          = 532676608                                 {product} {ergonomic}
   size_t MarkStackSize                            = 4194304                                   {product} {ergonomic}
   size_t MaxHeapSize                              = 8506048512                                {product} {ergonomic}
   size_t MaxNewSize                               = 5100273664                                {product} {ergonomic}
   size_t MinHeapDeltaBytes                        = 4194304                                   {product} {ergonomic}
   size_t MinHeapSize                              = 8388608                                   {product} {ergonomic}
    uintx NonNMethodCodeHeapSize                   = 5839372                                {pd product} {ergonomic}
    uintx NonProfiledCodeHeapSize                  = 122909434                              {pd product} {ergonomic}
    uintx ProfiledCodeHeapSize                     = 122909434                              {pd product} {ergonomic}
    uintx ReservedCodeCacheSize                    = 251658240                              {pd product} {ergonomic}
     bool SegmentedCodeCache                       = true                                      {product} {ergonomic}
   size_t SoftMaxHeapSize                          = 8506048512                             {manageable} {ergonomic}
     bool UseCompressedClassPointers               = true                           {product lp64_product} {ergonomic}
     bool UseCompressedOops                        = true                           {product lp64_product} {ergonomic}
     bool UseG1GC                                  = true                                      {product} {ergonomic}
     bool UseLargePagesIndividualAllocation        = false                                  {pd product} {ergonomic}

Logging:
Log output configuration:
 #0: stdout all=warning uptime,level,tags
 #1: stderr all=off uptime,level,tags

Environment Variables:
PATH=C:\Program Files\Microsoft SDKs\Azure\CLI2\wbin;C:\Python311-64\Scripts\;C:\Python311-64\;C:\Program Files\Common Files\Oracle\Java\javapath;C:\Windows\system32;C:\Windows;C:\Windows\System32\Wbem;C:\Windows\System32\WindowsPowerShell\v1.0\;C:\Windows\System32\OpenSSH\;C:\Program Files\Azure Data Studio\bin;C:\maven\bin;C:\Program Files\Microsoft VS Code\bin;C:\Program Files\Git\cmd;C:\Program Files\Docker\Docker\resources\bin;C:\Users\rupamc\AppData\Local\Microsoft\WindowsApps;C:\Users\rupamc\AppData\Local\JetBrains\IntelliJ IDEA 2024.3.4\bin
USERNAME=RupamC
OS=Windows_NT
PROCESSOR_IDENTIFIER=Intel64 Family 6 Model 186 Stepping 3, GenuineIntel



---------------  S Y S T E M  ---------------

OS:
 Windows 10 , 64 bit Build 19041 (10.0.19041.5678)
OS uptime: 20 days 0:44 hours
Hyper-V role detected

CPU: total 12 (initial active 12) (6 cores per cpu, 2 threads per core) family 6 model 186 stepping 3 microcode 0x410e, cx8, cmov, fxsr, ht, mmx, 3dnowpref, sse, sse2, sse3, ssse3, sse4.1, sse4.2, popcnt, lzcnt, tsc, tscinvbit, avx, avx2, aes, erms, clmul, bmi1, bmi2, adx, sha, fma, vzeroupper, clflush, clflushopt, clwb, hv

Memory: 4k page, system-wide physical 32440M (5394M free)
TotalPageFile size 93405M (AvailPageFile size 5M)
current process WorkingSet (physical memory assigned to process): 109M, peak: 109M
current process commit charge ("private bytes"): 645M, peak: 646M

vm_info: Java HotSpot(TM) 64-Bit Server VM (17.0.12+8-LTS-286) for windows-amd64 JRE (17.0.12+8-LTS-286), built on Jun  5 2024 06:46:59 by "mach5one" with MS VC++ 17.6 (VS2022)

END.
