#
# There is insufficient memory for the Java Runtime Environment to continue.
# Native memory allocation (malloc) failed to allocate 645760 bytes for Chunk::new
# Possible reasons:
#   The system is out of physical RAM or swap space
#   The process is running with CompressedOops enabled, and the Java Heap may be blocking the growth of the native heap
# Possible solutions:
#   Reduce memory load on the system
#   Increase physical memory or swap space
#   Check if swap backing store is full
#   Decrease Java heap size (-Xmx/-Xms)
#   Decrease number of Java threads
#   Decrease Java thread stack sizes (-Xss)
#   Set larger code cache with -XX:ReservedCodeCacheSize=
#   JVM is running with Zero Based Compressed Oops mode in which the Java heap is
#     placed in the first 32GB address space. The Java Heap base address is the
#     maximum limit for the native heap growth. Please use -XX:HeapBaseMinAddress
#     to set the Java Heap base and to place the Java Heap above 32GB virtual address.
# This output file may be truncated or incomplete.
#
#  Out of Memory Error (arena.cpp:189), pid=1772, tid=11836
#
# JRE version: Java(TM) SE Runtime Environment (17.0.12+8) (build 17.0.12+8-LTS-286)
# Java VM: Java HotSpot(TM) 64-Bit Server VM (17.0.12+8-LTS-286, mixed mode, sharing, tiered, compressed oops, compressed class ptrs, g1 gc, windows-amd64)
# No core dump will be written. Minidumps are not enabled by default on client versions of Windows
#

---------------  S U M M A R Y ------------

Command Line: -ea -Djava.awt.headless=true -Didea.test.cyclic.buffer.size=1048576 -javaagent:C:\Program Files (x86)\JetBrains\IntelliJ IDEA Community Edition 2023.3.4\lib\idea_rt.jar=52562:C:\Program Files (x86)\JetBrains\IntelliJ IDEA Community Edition 2023.3.4\bin -Dfile.encoding=UTF-8 com.intellij.rt.junit.JUnitStarter -ideVersion5 -junit4 com.ae.network.api.tests.apiCentre.cardServices.Cards,apiCentre_Cards_Journey

Host: 13th Gen Intel(R) Core(TM) i7-1355U, 12 cores, 31G,  Windows 10 , 64 bit Build 19041 (10.0.19041.5678)
Time: Wed May 21 12:21:09 2025 Arabian Standard Time elapsed time: 7.431824 seconds (0d 0h 0m 7s)

---------------  T H R E A D  ---------------

Current thread (0x0000028b4c34dee0):  JavaThread "C2 CompilerThread0" daemon [_thread_in_native, id=11836, stack(0x0000009953b00000,0x0000009953c00000)]


Current CompileTask:
C2:   7432 2559       4       nonapi.io.github.classgraph.fastzipfilereader.LogicalZipFile::parseManifest (1070 bytes)

Stack: [0x0000009953b00000,0x0000009953c00000]
Native frames: (J=compiled Java code, j=interpreted, Vv=VM code, C=native code)
V  [jvm.dll+0x67a04a]
V  [jvm.dll+0x7da4ed]
V  [jvm.dll+0x7dbe33]
V  [jvm.dll+0x7dc4a3]
V  [jvm.dll+0x24508f]
V  [jvm.dll+0xab773]
V  [jvm.dll+0xabd3c]
V  [jvm.dll+0x361bee]
V  [jvm.dll+0x32c431]
V  [jvm.dll+0x32b8ca]
V  [jvm.dll+0x21683f]
V  [jvm.dll+0x215c6f]
V  [jvm.dll+0x1a2960]
V  [jvm.dll+0x22610b]
V  [jvm.dll+0x2242ab]
V  [jvm.dll+0x79075c]
V  [jvm.dll+0x78abea]
V  [jvm.dll+0x678f35]
C  [ucrtbase.dll+0x21bb2]
C  [KERNEL32.DLL+0x17374]
C  [ntdll.dll+0x4cc91]


---------------  P R O C E S S  ---------------

Threads class SMR info:
_java_thread_list=0x0000028b428f0eb0, length=39, elements={
0x0000028b4c1e0510, 0x0000028b4beae530, 0x0000028b4c3354a0, 0x0000028b4c342a40,
0x0000028b4c344610, 0x0000028b4c347c50, 0x0000028b4c34c680, 0x0000028b4c34dee0,
0x0000028b4c351cb0, 0x0000028b4c36ce70, 0x0000028b4be98fe0, 0x0000028b7acc96f0,
0x0000028b7accafc0, 0x0000028b425cbea0, 0x0000028b7ac70570, 0x0000028b7ac70a50,
0x0000028b42761df0, 0x0000028b427618e0, 0x0000028b7f797ec0, 0x0000028b427609b0,
0x0000028b42760ec0, 0x0000028b42762300, 0x0000028b427613d0, 0x0000028b42762810,
0x0000028b4275f060, 0x0000028b4275f570, 0x0000028b4275fa80, 0x0000028b4275ff90,
0x0000028b427604a0, 0x0000028b427fb970, 0x0000028b427f5940, 0x0000028b427f6870,
0x0000028b427f86d0, 0x0000028b427f90f0, 0x0000028b427fc390, 0x0000028b427fbe80,
0x0000028b427fb460, 0x0000028b427f9600, 0x0000028b41ce5ea0
}
_to_delete_list=0x0000028b42e40230, length=38, elements={
0x0000028b4c1e0510, 0x0000028b4beae530, 0x0000028b4c3354a0, 0x0000028b4c342a40,
0x0000028b4c344610, 0x0000028b4c347c50, 0x0000028b4c34c680, 0x0000028b4c34dee0,
0x0000028b4c351cb0, 0x0000028b4c36ce70, 0x0000028b4be98fe0, 0x0000028b7acc96f0,
0x0000028b7accafc0, 0x0000028b425cbea0, 0x0000028b7ac70570, 0x0000028b7ac70a50,
0x0000028b42761df0, 0x0000028b427618e0, 0x0000028b7f797ec0, 0x0000028b427609b0,
0x0000028b42760ec0, 0x0000028b42762300, 0x0000028b427613d0, 0x0000028b42762810,
0x0000028b4275f060, 0x0000028b4275f570, 0x0000028b4275fa80, 0x0000028b4275ff90,
0x0000028b427604a0, 0x0000028b427fb970, 0x0000028b427f5940, 0x0000028b427f6870,
0x0000028b427f86d0, 0x0000028b427f90f0, 0x0000028b427fc390, 0x0000028b427fbe80,
0x0000028b427fb460, 0x0000028b427f9600
}

Java Threads: ( => current thread )
  0x0000028b4c1e0510 JavaThread "main" [_thread_blocked, id=22092, stack(0x0000009952e00000,0x0000009952f00000)]
  0x0000028b4beae530 JavaThread "Reference Handler" daemon [_thread_blocked, id=35960, stack(0x0000009953500000,0x0000009953600000)]
  0x0000028b4c3354a0 JavaThread "Finalizer" daemon [_thread_blocked, id=2336, stack(0x0000009953600000,0x0000009953700000)]
  0x0000028b4c342a40 JavaThread "Signal Dispatcher" daemon [_thread_blocked, id=20604, stack(0x0000009953700000,0x0000009953800000)]
  0x0000028b4c344610 JavaThread "Attach Listener" daemon [_thread_blocked, id=15640, stack(0x0000009953800000,0x0000009953900000)]
  0x0000028b4c347c50 JavaThread "Service Thread" daemon [_thread_blocked, id=6632, stack(0x0000009953900000,0x0000009953a00000)]
  0x0000028b4c34c680 JavaThread "Monitor Deflation Thread" daemon [_thread_blocked, id=40772, stack(0x0000009953a00000,0x0000009953b00000)]
=>0x0000028b4c34dee0 JavaThread "C2 CompilerThread0" daemon [_thread_in_native, id=11836, stack(0x0000009953b00000,0x0000009953c00000)]
  0x0000028b4c351cb0 JavaThread "C1 CompilerThread0" daemon [_thread_blocked, id=20240, stack(0x0000009953c00000,0x0000009953d00000)]
  0x0000028b4c36ce70 JavaThread "Sweeper thread" daemon [_thread_blocked, id=28100, stack(0x0000009953d00000,0x0000009953e00000)]
  0x0000028b4be98fe0 JavaThread "Common-Cleaner" daemon [_thread_blocked, id=22504, stack(0x0000009953e00000,0x0000009953f00000)]
  0x0000028b7acc96f0 JavaThread "Monitor Ctrl-Break" daemon [_thread_in_native, id=42900, stack(0x0000009953f00000,0x0000009954000000)]
  0x0000028b7accafc0 JavaThread "Notification Thread" daemon [_thread_blocked, id=25036, stack(0x0000009954000000,0x0000009954100000)]
  0x0000028b425cbea0 JavaThread "ForkJoinPool.commonPool-worker-1" daemon [_thread_blocked, id=36944, stack(0x0000009954200000,0x0000009954300000)]
  0x0000028b7ac70570 JavaThread "ForkJoinPool.commonPool-worker-2" daemon [_thread_blocked, id=11344, stack(0x0000009954c00000,0x0000009954d00000)]
  0x0000028b7ac70a50 JavaThread "ForkJoinPool.commonPool-worker-3" daemon [_thread_blocked, id=26732, stack(0x0000009954d00000,0x0000009954e00000)]
  0x0000028b42761df0 JavaThread "ForkJoinPool.commonPool-worker-4" daemon [_thread_blocked, id=29848, stack(0x0000009954e00000,0x0000009954f00000)]
  0x0000028b427618e0 JavaThread "ForkJoinPool.commonPool-worker-5" daemon [_thread_blocked, id=11004, stack(0x0000009954f00000,0x0000009955000000)]
  0x0000028b7f797ec0 JavaThread "C2 CompilerThread1" daemon [_thread_in_native, id=15908, stack(0x0000009955000000,0x0000009955100000)]
  0x0000028b427609b0 JavaThread "ClassGraph-worker-0" daemon [_thread_in_native, id=4124, stack(0x0000009955100000,0x0000009955200000)]
  0x0000028b42760ec0 JavaThread "ClassGraph-worker-1" daemon [_thread_in_native, id=4936, stack(0x0000009955200000,0x0000009955300000)]
  0x0000028b42762300 JavaThread "ClassGraph-worker-2" daemon [_thread_in_native, id=35888, stack(0x0000009955300000,0x0000009955400000)]
  0x0000028b427613d0 JavaThread "ClassGraph-worker-3" daemon [_thread_in_native, id=37832, stack(0x0000009955400000,0x0000009955500000)]
  0x0000028b42762810 JavaThread "ClassGraph-worker-4" daemon [_thread_in_native, id=33944, stack(0x0000009955500000,0x0000009955600000)]
  0x0000028b4275f060 JavaThread "ClassGraph-worker-5" daemon [_thread_in_native, id=14712, stack(0x0000009955600000,0x0000009955700000)]
  0x0000028b4275f570 JavaThread "ClassGraph-worker-6" daemon [_thread_in_native, id=25004, stack(0x0000009955700000,0x0000009955800000)]
  0x0000028b4275fa80 JavaThread "ClassGraph-worker-7" daemon [_thread_in_native, id=15972, stack(0x0000009955800000,0x0000009955900000)]
  0x0000028b4275ff90 JavaThread "ClassGraph-worker-8" daemon [_thread_in_native, id=39296, stack(0x0000009955900000,0x0000009955a00000)]
  0x0000028b427604a0 JavaThread "ClassGraph-worker-9" daemon [_thread_in_native, id=33700, stack(0x0000009955a00000,0x0000009955b00000)]
  0x0000028b427fb970 JavaThread "ClassGraph-worker-10" daemon [_thread_in_native, id=26440, stack(0x0000009955b00000,0x0000009955c00000)]
  0x0000028b427f5940 JavaThread "ClassGraph-worker-11" daemon [_thread_in_native, id=21104, stack(0x0000009955c00000,0x0000009955d00000)]
  0x0000028b427f6870 JavaThread "ClassGraph-worker-12" daemon [_thread_in_native, id=20812, stack(0x0000009955d00000,0x0000009955e00000)]
  0x0000028b427f86d0 JavaThread "ClassGraph-worker-13" daemon [_thread_in_native, id=39260, stack(0x0000009955e00000,0x0000009955f00000)]
  0x0000028b427f90f0 JavaThread "ClassGraph-worker-14" daemon [_thread_in_native, id=3436, stack(0x0000009955f00000,0x0000009956000000)]
  0x0000028b427fc390 JavaThread "ClassGraph-worker-15" daemon [_thread_in_native, id=15388, stack(0x0000009956000000,0x0000009956100000)]
  0x0000028b427fbe80 JavaThread "ClassGraph-worker-16" daemon [_thread_in_native, id=24708, stack(0x0000009956100000,0x0000009956200000)]
  0x0000028b427fb460 JavaThread "ClassGraph-worker-17" daemon [_thread_in_native, id=27576, stack(0x0000009956200000,0x0000009956300000)]
  0x0000028b427f9600 JavaThread "ClassGraph-worker-18" daemon [_thread_in_native, id=16424, stack(0x0000009956300000,0x0000009956400000)]
  0x0000028b41ce5ea0 JavaThread "C2 CompilerThread2" daemon [_thread_in_native, id=27848, stack(0x0000009956400000,0x0000009956500000)]

Other Threads:
  0x0000028b4bea9500 VMThread "VM Thread" [stack: 0x0000009953400000,0x0000009953500000] [id=24404]
  0x0000028b7acc90f0 WatcherThread [stack: 0x0000009954100000,0x0000009954200000] [id=12748]
  0x0000028b4c24d300 GCTaskThread "GC Thread#0" [stack: 0x0000009952f00000,0x0000009953000000] [id=37600]
  0x0000028b4185dd30 GCTaskThread "GC Thread#1" [stack: 0x0000009954300000,0x0000009954400000] [id=31828]
  0x0000028b4185dff0 GCTaskThread "GC Thread#2" [stack: 0x0000009954400000,0x0000009954500000] [id=32552]
  0x0000028b41ab8460 GCTaskThread "GC Thread#3" [stack: 0x0000009954500000,0x0000009954600000] [id=15768]
  0x0000028b412ee430 GCTaskThread "GC Thread#4" [stack: 0x0000009954600000,0x0000009954700000] [id=29212]
  0x0000028b4185e2b0 GCTaskThread "GC Thread#5" [stack: 0x0000009954700000,0x0000009954800000] [id=3700]
  0x0000028b4185ee70 GCTaskThread "GC Thread#6" [stack: 0x0000009954800000,0x0000009954900000] [id=32684]
  0x0000028b41188e50 GCTaskThread "GC Thread#7" [stack: 0x0000009954900000,0x0000009954a00000] [id=29784]
  0x0000028b41189590 GCTaskThread "GC Thread#8" [stack: 0x0000009954a00000,0x0000009954b00000] [id=28784]
  0x0000028b410129b0 GCTaskThread "GC Thread#9" [stack: 0x0000009954b00000,0x0000009954c00000] [id=11088]
  0x0000028b4c252190 ConcurrentGCThread "G1 Main Marker" [stack: 0x0000009953000000,0x0000009953100000] [id=5836]
  0x0000028b4c253710 ConcurrentGCThread "G1 Conc#0" [stack: 0x0000009953100000,0x0000009953200000] [id=32308]
  0x0000028b4c294f70 ConcurrentGCThread "G1 Refine#0" [stack: 0x0000009953200000,0x0000009953300000] [id=26112]
  0x0000028b4c2959a0 ConcurrentGCThread "G1 Service" [stack: 0x0000009953300000,0x0000009953400000] [id=36160]

Threads with active compile tasks:
C2 CompilerThread0     7590 2559       4       nonapi.io.github.classgraph.fastzipfilereader.LogicalZipFile::parseManifest (1070 bytes)
C2 CompilerThread1     7591 2621   !   4       java.lang.Thread::blockedOn (27 bytes)
C2 CompilerThread2     7591 2588 % !   4       nonapi.io.github.classgraph.fastzipfilereader.LogicalZipFile::readCentralDirectory @ 1477 (3373 bytes)

VM state: not at safepoint (normal execution)

VM Mutex/Monitor currently owned by a thread: None

Heap address: 0x0000000605000000, size: 8112 MB, Compressed Oops mode: Zero based, Oop shift amount: 3

CDS archive(s) mapped at: [0x0000028b00000000-0x0000028b00bd0000-0x0000028b00bd0000), size 12386304, SharedBaseAddress: 0x0000028b00000000, ArchiveRelocationMode: 1.
Compressed class space mapped at: 0x0000028b01000000-0x0000028b41000000, reserved size: 1073741824
Narrow klass base: 0x0000028b00000000, Narrow klass shift: 0, Narrow klass range: 0x100000000

GC Precious Log:
 CPUs: 12 total, 12 available
 Memory: 32440M
 Large Page Support: Disabled
 NUMA Support: Disabled
 Compressed Oops: Enabled (Zero based)
 Heap Region Size: 4M
 Heap Min Capacity: 8M
 Heap Initial Capacity: 508M
 Heap Max Capacity: 8112M
 Pre-touch: Disabled
 Parallel Workers: 10
 Concurrent Workers: 3
 Concurrent Refinement Workers: 10
 Periodic GC: Disabled

Heap:
 garbage-first heap   total 520192K, used 163574K [0x0000000605000000, 0x0000000800000000)
  region size 4096K, 37 young (151552K), 1 survivors (4096K)
 Metaspace       used 15245K, committed 15424K, reserved 1114112K
  class space    used 1842K, committed 1920K, reserved 1048576K

Heap Regions: E=young(eden), S=young(survivor), O=old, HS=humongous(starts), HC=humongous(continues), CS=collection set, F=free, OA=open archive, CA=closed archive, TAMS=top-at-mark-start (previous, next)
|   0|0x0000000605000000, 0x0000000605400000, 0x0000000605400000|100%| O|  |TAMS 0x0000000605000000, 0x0000000605000000| Untracked 
|   1|0x0000000605400000, 0x0000000605800000, 0x0000000605800000|100%| O|  |TAMS 0x0000000605400000, 0x0000000605400000| Untracked 
|   2|0x0000000605800000, 0x0000000605c00000, 0x0000000605c00000|100%| O|  |TAMS 0x0000000605800000, 0x0000000605800000| Untracked 
|   3|0x0000000605c00000, 0x0000000606000000, 0x0000000606000000|100%| O|  |TAMS 0x0000000605c00000, 0x0000000605c00000| Untracked 
|   4|0x0000000606000000, 0x00000006061b0600, 0x0000000606400000| 42%| O|  |TAMS 0x0000000606000000, 0x0000000606000000| Untracked 
|   5|0x0000000606400000, 0x0000000606400000, 0x0000000606800000|  0%| F|  |TAMS 0x0000000606400000, 0x0000000606400000| Untracked 
|   6|0x0000000606800000, 0x0000000606800000, 0x0000000606c00000|  0%| F|  |TAMS 0x0000000606800000, 0x0000000606800000| Untracked 
|   7|0x0000000606c00000, 0x0000000606c00000, 0x0000000607000000|  0%| F|  |TAMS 0x0000000606c00000, 0x0000000606c00000| Untracked 
|   8|0x0000000607000000, 0x0000000607000000, 0x0000000607400000|  0%| F|  |TAMS 0x0000000607000000, 0x0000000607000000| Untracked 
|   9|0x0000000607400000, 0x0000000607400000, 0x0000000607800000|  0%| F|  |TAMS 0x0000000607400000, 0x0000000607400000| Untracked 
|  10|0x0000000607800000, 0x0000000607800000, 0x0000000607c00000|  0%| F|  |TAMS 0x0000000607800000, 0x0000000607800000| Untracked 
|  11|0x0000000607c00000, 0x0000000607c00000, 0x0000000608000000|  0%| F|  |TAMS 0x0000000607c00000, 0x0000000607c00000| Untracked 
|  12|0x0000000608000000, 0x0000000608000000, 0x0000000608400000|  0%| F|  |TAMS 0x0000000608000000, 0x0000000608000000| Untracked 
|  13|0x0000000608400000, 0x0000000608400000, 0x0000000608800000|  0%| F|  |TAMS 0x0000000608400000, 0x0000000608400000| Untracked 
|  14|0x0000000608800000, 0x0000000608800000, 0x0000000608c00000|  0%| F|  |TAMS 0x0000000608800000, 0x0000000608800000| Untracked 
|  15|0x0000000608c00000, 0x0000000608c00000, 0x0000000609000000|  0%| F|  |TAMS 0x0000000608c00000, 0x0000000608c00000| Untracked 
|  16|0x0000000609000000, 0x0000000609000000, 0x0000000609400000|  0%| F|  |TAMS 0x0000000609000000, 0x0000000609000000| Untracked 
|  17|0x0000000609400000, 0x0000000609400000, 0x0000000609800000|  0%| F|  |TAMS 0x0000000609400000, 0x0000000609400000| Untracked 
|  18|0x0000000609800000, 0x0000000609800000, 0x0000000609c00000|  0%| F|  |TAMS 0x0000000609800000, 0x0000000609800000| Untracked 
|  19|0x0000000609c00000, 0x0000000609c00000, 0x000000060a000000|  0%| F|  |TAMS 0x0000000609c00000, 0x0000000609c00000| Untracked 
|  20|0x000000060a000000, 0x000000060a000000, 0x000000060a400000|  0%| F|  |TAMS 0x000000060a000000, 0x000000060a000000| Untracked 
|  21|0x000000060a400000, 0x000000060a400000, 0x000000060a800000|  0%| F|  |TAMS 0x000000060a400000, 0x000000060a400000| Untracked 
|  22|0x000000060a800000, 0x000000060a800000, 0x000000060ac00000|  0%| F|  |TAMS 0x000000060a800000, 0x000000060a800000| Untracked 
|  23|0x000000060ac00000, 0x000000060ac00000, 0x000000060b000000|  0%| F|  |TAMS 0x000000060ac00000, 0x000000060ac00000| Untracked 
|  24|0x000000060b000000, 0x000000060b000000, 0x000000060b400000|  0%| F|  |TAMS 0x000000060b000000, 0x000000060b000000| Untracked 
|  25|0x000000060b400000, 0x000000060b400000, 0x000000060b800000|  0%| F|  |TAMS 0x000000060b400000, 0x000000060b400000| Untracked 
|  26|0x000000060b800000, 0x000000060b800000, 0x000000060bc00000|  0%| F|  |TAMS 0x000000060b800000, 0x000000060b800000| Untracked 
|  27|0x000000060bc00000, 0x000000060bc00000, 0x000000060c000000|  0%| F|  |TAMS 0x000000060bc00000, 0x000000060bc00000| Untracked 
|  28|0x000000060c000000, 0x000000060c000000, 0x000000060c400000|  0%| F|  |TAMS 0x000000060c000000, 0x000000060c000000| Untracked 
|  29|0x000000060c400000, 0x000000060c400000, 0x000000060c800000|  0%| F|  |TAMS 0x000000060c400000, 0x000000060c400000| Untracked 
|  30|0x000000060c800000, 0x000000060c800000, 0x000000060cc00000|  0%| F|  |TAMS 0x000000060c800000, 0x000000060c800000| Untracked 
|  31|0x000000060cc00000, 0x000000060cc00000, 0x000000060d000000|  0%| F|  |TAMS 0x000000060cc00000, 0x000000060cc00000| Untracked 
|  32|0x000000060d000000, 0x000000060d000000, 0x000000060d400000|  0%| F|  |TAMS 0x000000060d000000, 0x000000060d000000| Untracked 
|  33|0x000000060d400000, 0x000000060d400000, 0x000000060d800000|  0%| F|  |TAMS 0x000000060d400000, 0x000000060d400000| Untracked 
|  34|0x000000060d800000, 0x000000060d800000, 0x000000060dc00000|  0%| F|  |TAMS 0x000000060d800000, 0x000000060d800000| Untracked 
|  35|0x000000060dc00000, 0x000000060dc00000, 0x000000060e000000|  0%| F|  |TAMS 0x000000060dc00000, 0x000000060dc00000| Untracked 
|  36|0x000000060e000000, 0x000000060e000000, 0x000000060e400000|  0%| F|  |TAMS 0x000000060e000000, 0x000000060e000000| Untracked 
|  37|0x000000060e400000, 0x000000060e400000, 0x000000060e800000|  0%| F|  |TAMS 0x000000060e400000, 0x000000060e400000| Untracked 
|  38|0x000000060e800000, 0x000000060e800000, 0x000000060ec00000|  0%| F|  |TAMS 0x000000060e800000, 0x000000060e800000| Untracked 
|  39|0x000000060ec00000, 0x000000060ec00000, 0x000000060f000000|  0%| F|  |TAMS 0x000000060ec00000, 0x000000060ec00000| Untracked 
|  40|0x000000060f000000, 0x000000060f000000, 0x000000060f400000|  0%| F|  |TAMS 0x000000060f000000, 0x000000060f000000| Untracked 
|  41|0x000000060f400000, 0x000000060f400000, 0x000000060f800000|  0%| F|  |TAMS 0x000000060f400000, 0x000000060f400000| Untracked 
|  42|0x000000060f800000, 0x000000060f800000, 0x000000060fc00000|  0%| F|  |TAMS 0x000000060f800000, 0x000000060f800000| Untracked 
|  43|0x000000060fc00000, 0x000000060fc00000, 0x0000000610000000|  0%| F|  |TAMS 0x000000060fc00000, 0x000000060fc00000| Untracked 
|  44|0x0000000610000000, 0x0000000610000000, 0x0000000610400000|  0%| F|  |TAMS 0x0000000610000000, 0x0000000610000000| Untracked 
|  45|0x0000000610400000, 0x0000000610400000, 0x0000000610800000|  0%| F|  |TAMS 0x0000000610400000, 0x0000000610400000| Untracked 
|  46|0x0000000610800000, 0x0000000610800000, 0x0000000610c00000|  0%| F|  |TAMS 0x0000000610800000, 0x0000000610800000| Untracked 
|  47|0x0000000610c00000, 0x0000000610c00000, 0x0000000611000000|  0%| F|  |TAMS 0x0000000610c00000, 0x0000000610c00000| Untracked 
|  48|0x0000000611000000, 0x0000000611000000, 0x0000000611400000|  0%| F|  |TAMS 0x0000000611000000, 0x0000000611000000| Untracked 
|  49|0x0000000611400000, 0x0000000611400000, 0x0000000611800000|  0%| F|  |TAMS 0x0000000611400000, 0x0000000611400000| Untracked 
|  50|0x0000000611800000, 0x0000000611800000, 0x0000000611c00000|  0%| F|  |TAMS 0x0000000611800000, 0x0000000611800000| Untracked 
|  51|0x0000000611c00000, 0x0000000611c00000, 0x0000000612000000|  0%| F|  |TAMS 0x0000000611c00000, 0x0000000611c00000| Untracked 
|  52|0x0000000612000000, 0x0000000612000000, 0x0000000612400000|  0%| F|  |TAMS 0x0000000612000000, 0x0000000612000000| Untracked 
|  53|0x0000000612400000, 0x0000000612400000, 0x0000000612800000|  0%| F|  |TAMS 0x0000000612400000, 0x0000000612400000| Untracked 
|  54|0x0000000612800000, 0x0000000612800000, 0x0000000612c00000|  0%| F|  |TAMS 0x0000000612800000, 0x0000000612800000| Untracked 
|  55|0x0000000612c00000, 0x0000000612c00000, 0x0000000613000000|  0%| F|  |TAMS 0x0000000612c00000, 0x0000000612c00000| Untracked 
|  56|0x0000000613000000, 0x0000000613000000, 0x0000000613400000|  0%| F|  |TAMS 0x0000000613000000, 0x0000000613000000| Untracked 
|  57|0x0000000613400000, 0x0000000613400000, 0x0000000613800000|  0%| F|  |TAMS 0x0000000613400000, 0x0000000613400000| Untracked 
|  58|0x0000000613800000, 0x0000000613800000, 0x0000000613c00000|  0%| F|  |TAMS 0x0000000613800000, 0x0000000613800000| Untracked 
|  59|0x0000000613c00000, 0x0000000613c00000, 0x0000000614000000|  0%| F|  |TAMS 0x0000000613c00000, 0x0000000613c00000| Untracked 
|  60|0x0000000614000000, 0x0000000614000000, 0x0000000614400000|  0%| F|  |TAMS 0x0000000614000000, 0x0000000614000000| Untracked 
|  61|0x0000000614400000, 0x0000000614400000, 0x0000000614800000|  0%| F|  |TAMS 0x0000000614400000, 0x0000000614400000| Untracked 
|  62|0x0000000614800000, 0x0000000614800000, 0x0000000614c00000|  0%| F|  |TAMS 0x0000000614800000, 0x0000000614800000| Untracked 
|  63|0x0000000614c00000, 0x0000000614c00000, 0x0000000615000000|  0%| F|  |TAMS 0x0000000614c00000, 0x0000000614c00000| Untracked 
|  64|0x0000000615000000, 0x0000000615000000, 0x0000000615400000|  0%| F|  |TAMS 0x0000000615000000, 0x0000000615000000| Untracked 
|  65|0x0000000615400000, 0x0000000615400000, 0x0000000615800000|  0%| F|  |TAMS 0x0000000615400000, 0x0000000615400000| Untracked 
|  66|0x0000000615800000, 0x0000000615800000, 0x0000000615c00000|  0%| F|  |TAMS 0x0000000615800000, 0x0000000615800000| Untracked 
|  67|0x0000000615c00000, 0x0000000615c00000, 0x0000000616000000|  0%| F|  |TAMS 0x0000000615c00000, 0x0000000615c00000| Untracked 
|  68|0x0000000616000000, 0x0000000616000000, 0x0000000616400000|  0%| F|  |TAMS 0x0000000616000000, 0x0000000616000000| Untracked 
|  69|0x0000000616400000, 0x0000000616400000, 0x0000000616800000|  0%| F|  |TAMS 0x0000000616400000, 0x0000000616400000| Untracked 
|  70|0x0000000616800000, 0x0000000616800000, 0x0000000616c00000|  0%| F|  |TAMS 0x0000000616800000, 0x0000000616800000| Untracked 
|  71|0x0000000616c00000, 0x0000000616c00000, 0x0000000617000000|  0%| F|  |TAMS 0x0000000616c00000, 0x0000000616c00000| Untracked 
|  72|0x0000000617000000, 0x0000000617000000, 0x0000000617400000|  0%| F|  |TAMS 0x0000000617000000, 0x0000000617000000| Untracked 
|  73|0x0000000617400000, 0x0000000617400000, 0x0000000617800000|  0%| F|  |TAMS 0x0000000617400000, 0x0000000617400000| Untracked 
|  74|0x0000000617800000, 0x0000000617800000, 0x0000000617c00000|  0%| F|  |TAMS 0x0000000617800000, 0x0000000617800000| Untracked 
|  75|0x0000000617c00000, 0x0000000617c00000, 0x0000000618000000|  0%| F|  |TAMS 0x0000000617c00000, 0x0000000617c00000| Untracked 
|  76|0x0000000618000000, 0x0000000618000000, 0x0000000618400000|  0%| F|  |TAMS 0x0000000618000000, 0x0000000618000000| Untracked 
|  77|0x0000000618400000, 0x0000000618400000, 0x0000000618800000|  0%| F|  |TAMS 0x0000000618400000, 0x0000000618400000| Untracked 
|  78|0x0000000618800000, 0x0000000618800000, 0x0000000618c00000|  0%| F|  |TAMS 0x0000000618800000, 0x0000000618800000| Untracked 
|  79|0x0000000618c00000, 0x0000000618c00000, 0x0000000619000000|  0%| F|  |TAMS 0x0000000618c00000, 0x0000000618c00000| Untracked 
|  80|0x0000000619000000, 0x0000000619000000, 0x0000000619400000|  0%| F|  |TAMS 0x0000000619000000, 0x0000000619000000| Untracked 
|  81|0x0000000619400000, 0x0000000619400000, 0x0000000619800000|  0%| F|  |TAMS 0x0000000619400000, 0x0000000619400000| Untracked 
|  82|0x0000000619800000, 0x0000000619800000, 0x0000000619c00000|  0%| F|  |TAMS 0x0000000619800000, 0x0000000619800000| Untracked 
|  83|0x0000000619c00000, 0x0000000619c00000, 0x000000061a000000|  0%| F|  |TAMS 0x0000000619c00000, 0x0000000619c00000| Untracked 
|  84|0x000000061a000000, 0x000000061a000000, 0x000000061a400000|  0%| F|  |TAMS 0x000000061a000000, 0x000000061a000000| Untracked 
|  85|0x000000061a400000, 0x000000061a400000, 0x000000061a800000|  0%| F|  |TAMS 0x000000061a400000, 0x000000061a400000| Untracked 
|  86|0x000000061a800000, 0x000000061a800000, 0x000000061ac00000|  0%| F|  |TAMS 0x000000061a800000, 0x000000061a800000| Untracked 
|  87|0x000000061ac00000, 0x000000061ac00000, 0x000000061b000000|  0%| F|  |TAMS 0x000000061ac00000, 0x000000061ac00000| Untracked 
|  88|0x000000061b000000, 0x000000061b000000, 0x000000061b400000|  0%| F|  |TAMS 0x000000061b000000, 0x000000061b000000| Untracked 
|  89|0x000000061b400000, 0x000000061b600800, 0x000000061b800000| 50%| E|  |TAMS 0x000000061b400000, 0x000000061b400000| Complete 
|  90|0x000000061b800000, 0x000000061bc00000, 0x000000061bc00000|100%| E|CS|TAMS 0x000000061b800000, 0x000000061b800000| Complete 
|  91|0x000000061bc00000, 0x000000061c000000, 0x000000061c000000|100%| E|CS|TAMS 0x000000061bc00000, 0x000000061bc00000| Complete 
|  92|0x000000061c000000, 0x000000061c400000, 0x000000061c400000|100%| E|CS|TAMS 0x000000061c000000, 0x000000061c000000| Complete 
|  93|0x000000061c400000, 0x000000061c800000, 0x000000061c800000|100%| E|CS|TAMS 0x000000061c400000, 0x000000061c400000| Complete 
|  94|0x000000061c800000, 0x000000061cc00000, 0x000000061cc00000|100%| E|CS|TAMS 0x000000061c800000, 0x000000061c800000| Complete 
|  95|0x000000061cc00000, 0x000000061d000000, 0x000000061d000000|100%| E|CS|TAMS 0x000000061cc00000, 0x000000061cc00000| Complete 
|  96|0x000000061d000000, 0x000000061d400000, 0x000000061d400000|100%| E|CS|TAMS 0x000000061d000000, 0x000000061d000000| Complete 
|  97|0x000000061d400000, 0x000000061d800000, 0x000000061d800000|100%| E|CS|TAMS 0x000000061d400000, 0x000000061d400000| Complete 
|  98|0x000000061d800000, 0x000000061dc00000, 0x000000061dc00000|100%| E|CS|TAMS 0x000000061d800000, 0x000000061d800000| Complete 
|  99|0x000000061dc00000, 0x000000061e000000, 0x000000061e000000|100%| E|CS|TAMS 0x000000061dc00000, 0x000000061dc00000| Complete 
| 100|0x000000061e000000, 0x000000061e400000, 0x000000061e400000|100%| E|CS|TAMS 0x000000061e000000, 0x000000061e000000| Complete 
| 101|0x000000061e400000, 0x000000061e800000, 0x000000061e800000|100%| E|CS|TAMS 0x000000061e400000, 0x000000061e400000| Complete 
| 102|0x000000061e800000, 0x000000061ec00000, 0x000000061ec00000|100%| E|CS|TAMS 0x000000061e800000, 0x000000061e800000| Complete 
| 103|0x000000061ec00000, 0x000000061f000000, 0x000000061f000000|100%| E|CS|TAMS 0x000000061ec00000, 0x000000061ec00000| Complete 
| 104|0x000000061f000000, 0x000000061f400000, 0x000000061f400000|100%| E|CS|TAMS 0x000000061f000000, 0x000000061f000000| Complete 
| 105|0x000000061f400000, 0x000000061f800000, 0x000000061f800000|100%| E|CS|TAMS 0x000000061f400000, 0x000000061f400000| Complete 
| 106|0x000000061f800000, 0x000000061fc00000, 0x000000061fc00000|100%| E|CS|TAMS 0x000000061f800000, 0x000000061f800000| Complete 
| 107|0x000000061fc00000, 0x0000000620000000, 0x0000000620000000|100%| E|CS|TAMS 0x000000061fc00000, 0x000000061fc00000| Complete 
| 108|0x0000000620000000, 0x0000000620400000, 0x0000000620400000|100%| E|CS|TAMS 0x0000000620000000, 0x0000000620000000| Complete 
| 109|0x0000000620400000, 0x0000000620800000, 0x0000000620800000|100%| E|CS|TAMS 0x0000000620400000, 0x0000000620400000| Complete 
| 110|0x0000000620800000, 0x0000000620c00000, 0x0000000620c00000|100%| E|CS|TAMS 0x0000000620800000, 0x0000000620800000| Complete 
| 111|0x0000000620c00000, 0x0000000621000000, 0x0000000621000000|100%| E|CS|TAMS 0x0000000620c00000, 0x0000000620c00000| Complete 
| 112|0x0000000621000000, 0x0000000621400000, 0x0000000621400000|100%| E|CS|TAMS 0x0000000621000000, 0x0000000621000000| Complete 
| 113|0x0000000621400000, 0x0000000621800000, 0x0000000621800000|100%| E|CS|TAMS 0x0000000621400000, 0x0000000621400000| Complete 
| 114|0x0000000621800000, 0x0000000621c00000, 0x0000000621c00000|100%| E|CS|TAMS 0x0000000621800000, 0x0000000621800000| Complete 
| 115|0x0000000621c00000, 0x0000000622000000, 0x0000000622000000|100%| E|CS|TAMS 0x0000000621c00000, 0x0000000621c00000| Complete 
| 116|0x0000000622000000, 0x0000000622400000, 0x0000000622400000|100%| E|CS|TAMS 0x0000000622000000, 0x0000000622000000| Complete 
| 117|0x0000000622400000, 0x0000000622800000, 0x0000000622800000|100%| E|CS|TAMS 0x0000000622400000, 0x0000000622400000| Complete 
| 118|0x0000000622800000, 0x0000000622a0d218, 0x0000000622c00000| 51%| S|CS|TAMS 0x0000000622800000, 0x0000000622800000| Complete 
| 119|0x0000000622c00000, 0x0000000623000000, 0x0000000623000000|100%| E|CS|TAMS 0x0000000622c00000, 0x0000000622c00000| Complete 
| 120|0x0000000623000000, 0x0000000623400000, 0x0000000623400000|100%| E|CS|TAMS 0x0000000623000000, 0x0000000623000000| Complete 
| 121|0x0000000623400000, 0x0000000623800000, 0x0000000623800000|100%| E|CS|TAMS 0x0000000623400000, 0x0000000623400000| Complete 
| 122|0x0000000623800000, 0x0000000623c00000, 0x0000000623c00000|100%| E|CS|TAMS 0x0000000623800000, 0x0000000623800000| Complete 
| 123|0x0000000623c00000, 0x0000000624000000, 0x0000000624000000|100%| E|CS|TAMS 0x0000000623c00000, 0x0000000623c00000| Complete 
| 124|0x0000000624000000, 0x0000000624400000, 0x0000000624400000|100%| E|CS|TAMS 0x0000000624000000, 0x0000000624000000| Complete 
| 125|0x0000000624400000, 0x0000000624800000, 0x0000000624800000|100%| E|CS|TAMS 0x0000000624400000, 0x0000000624400000| Complete 
| 126|0x0000000624800000, 0x0000000624c00000, 0x0000000624c00000|100%| E|CS|TAMS 0x0000000624800000, 0x0000000624800000| Complete 

Card table byte_map: [0x0000028b66190000,0x0000028b67170000] _byte_map_base: 0x0000028b63168000

Marking Bits (Prev, Next): (CMBitMap*) 0x0000028b4c24d920, (CMBitMap*) 0x0000028b4c24d960
 Prev Bits: [0x0000028b68150000, 0x0000028b70010000)
 Next Bits: [0x0000028b70010000, 0x0000028b77ed0000)

Polling page: 0x0000028b4bfb0000

Metaspace:

Usage:
  Non-class:     13.09 MB used.
      Class:      1.80 MB used.
       Both:     14.89 MB used.

Virtual space:
  Non-class space:       64.00 MB reserved,      13.19 MB ( 21%) committed,  1 nodes.
      Class space:        1.00 GB reserved,       1.88 MB ( <1%) committed,  1 nodes.
             Both:        1.06 GB reserved,      15.06 MB (  1%) committed. 

Chunk freelists:
   Non-Class:  2.66 MB
       Class:  14.02 MB
        Both:  16.67 MB

MaxMetaspaceSize: unlimited
CompressedClassSpaceSize: 1.00 GB
Initial GC threshold: 21.00 MB
Current GC threshold: 21.00 MB
CDS: on
MetaspaceReclaimPolicy: balanced
 - commit_granule_bytes: 65536.
 - commit_granule_words: 8192.
 - virtual_space_node_default_size: 8388608.
 - enlarge_chunks_in_place: 1.
 - new_chunks_are_fully_committed: 0.
 - uncommit_free_chunks: 1.
 - use_allocation_guard: 0.
 - handle_deallocations: 1.


Internal statistics:

num_allocs_failed_limit: 0.
num_arena_births: 94.
num_arena_deaths: 0.
num_vsnodes_births: 2.
num_vsnodes_deaths: 0.
num_space_committed: 241.
num_space_uncommitted: 0.
num_chunks_returned_to_freelist: 0.
num_chunks_taken_from_freelist: 573.
num_chunk_merges: 0.
num_chunk_splits: 407.
num_chunks_enlarged: 327.
num_inconsistent_stats: 0.

CodeHeap 'non-profiled nmethods': size=120000Kb used=1640Kb max_used=1640Kb free=118359Kb
 bounds [0x0000028b5d0f0000, 0x0000028b5d360000, 0x0000028b64620000]
CodeHeap 'profiled nmethods': size=120000Kb used=5912Kb max_used=5912Kb free=114087Kb
 bounds [0x0000028b55620000, 0x0000028b55bf0000, 0x0000028b5cb50000]
CodeHeap 'non-nmethods': size=5760Kb used=1193Kb max_used=1230Kb free=4566Kb
 bounds [0x0000028b5cb50000, 0x0000028b5cdc0000, 0x0000028b5d0f0000]
 total_blobs=3130 nmethods=2640 adapters=402
 compilation: enabled
              stopped_count=0, restarted_count=0
 full_count=0

Compilation events (20 events):
Event: 7.374 Thread 0x0000028b4c351cb0 2585       3       nonapi.io.github.classgraph.fastzipfilereader.PhysicalZipFile::hashCode (46 bytes)
Event: 7.374 Thread 0x0000028b41ce5ea0 2578       4       java.lang.AbstractStringBuilder::substring (40 bytes)
Event: 7.375 Thread 0x0000028b4c351cb0 nmethod 2585 0x0000028b55bc9710 code [0x0000028b55bc98e0, 0x0000028b55bc9c58]
Event: 7.378 Thread 0x0000028b4c351cb0 2586       3       nonapi.io.github.classgraph.fastzipfilereader.ZipFileSlice::hashCode (29 bytes)
Event: 7.379 Thread 0x0000028b4c351cb0 nmethod 2586 0x0000028b55bc9e10 code [0x0000028b55bc9fe0, 0x0000028b55bca6e8]
Event: 7.385 Thread 0x0000028b41ce5ea0 nmethod 2578 0x0000028b5d27d790 code [0x0000028b5d27d940, 0x0000028b5d27e268]
Event: 7.385 Thread 0x0000028b41ce5ea0 2576       4       java.lang.String::equals (56 bytes)
Event: 7.387 Thread 0x0000028b41ce5ea0 nmethod 2576 0x0000028b5d27e610 code [0x0000028b5d27e780, 0x0000028b5d27e938]
Event: 7.387 Thread 0x0000028b41ce5ea0 2568       4       java.lang.AbstractStringBuilder::putStringAt (12 bytes)
Event: 7.394 Thread 0x0000028b41ce5ea0 nmethod 2568 0x0000028b5d27ea10 code [0x0000028b5d27eba0, 0x0000028b5d27f008]
Event: 7.394 Thread 0x0000028b41ce5ea0 2569       4       java.lang.AbstractStringBuilder::putStringAt (34 bytes)
Event: 7.397 Thread 0x0000028b4c351cb0 2589       3       java.lang.Math::min (12 bytes)
Event: 7.397 Thread 0x0000028b4c351cb0 nmethod 2589 0x0000028b55bca890 code [0x0000028b55bcaa20, 0x0000028b55bcab58]
Event: 7.399 Thread 0x0000028b41ce5ea0 nmethod 2569 0x0000028b5d27f290 code [0x0000028b5d27f420, 0x0000028b5d27f888]
Event: 7.399 Thread 0x0000028b41ce5ea0 2588 % !   4       nonapi.io.github.classgraph.fastzipfilereader.LogicalZipFile::readCentralDirectory @ 1477 (3373 bytes)
Event: 7.401 Thread 0x0000028b7f797ec0 nmethod 2567 0x0000028b5d27fb10 code [0x0000028b5d27fce0, 0x0000028b5d280f28]
Event: 7.401 Thread 0x0000028b7f797ec0 2587       4       java.nio.Buffer::limit (65 bytes)
Event: 7.402 Thread 0x0000028b7f797ec0 nmethod 2587 0x0000028b5d281790 code [0x0000028b5d281900, 0x0000028b5d2819f8]
Event: 7.402 Thread 0x0000028b7f797ec0 2590       4       java.nio.ByteBuffer::limit (8 bytes)
Event: 7.404 Thread 0x0000028b7f797ec0 nmethod 2590 0x0000028b5d281b10 code [0x0000028b5d281c80, 0x0000028b5d281d78]

GC Heap History (6 events):
Event: 2.788 GC heap before
{Heap before GC invocations=0 (full 0):
 garbage-first heap   total 520192K, used 20480K [0x0000000605000000, 0x0000000800000000)
  region size 4096K, 6 young (24576K), 0 survivors (0K)
 Metaspace       used 2095K, committed 2240K, reserved 1114112K
  class space    used 199K, committed 256K, reserved 1048576K
}
Event: 2.798 GC heap after
{Heap after GC invocations=1 (full 0):
 garbage-first heap   total 520192K, used 14316K [0x0000000605000000, 0x0000000800000000)
  region size 4096K, 1 young (4096K), 1 survivors (4096K)
 Metaspace       used 2095K, committed 2240K, reserved 1114112K
  class space    used 199K, committed 256K, reserved 1048576K
}
Event: 3.915 GC heap before
{Heap before GC invocations=1 (full 0):
 garbage-first heap   total 520192K, used 30700K [0x0000000605000000, 0x0000000800000000)
  region size 4096K, 6 young (24576K), 1 survivors (4096K)
 Metaspace       used 5505K, committed 5632K, reserved 1114112K
  class space    used 672K, committed 704K, reserved 1048576K
}
Event: 3.918 GC heap after
{Heap after GC invocations=2 (full 0):
 garbage-first heap   total 520192K, used 18236K [0x0000000605000000, 0x0000000800000000)
  region size 4096K, 1 young (4096K), 1 survivors (4096K)
 Metaspace       used 5505K, committed 5632K, reserved 1114112K
  class space    used 672K, committed 704K, reserved 1048576K
}
Event: 5.337 GC heap before
{Heap before GC invocations=2 (full 0):
 garbage-first heap   total 520192K, used 46908K [0x0000000605000000, 0x0000000800000000)
  region size 4096K, 8 young (32768K), 1 survivors (4096K)
 Metaspace       used 10934K, committed 11136K, reserved 1114112K
  class space    used 1294K, committed 1408K, reserved 1048576K
}
Event: 5.342 GC heap after
{Heap after GC invocations=3 (full 0):
 garbage-first heap   total 520192K, used 20214K [0x0000000605000000, 0x0000000800000000)
  region size 4096K, 1 young (4096K), 1 survivors (4096K)
 Metaspace       used 10934K, committed 11136K, reserved 1114112K
  class space    used 1294K, committed 1408K, reserved 1048576K
}

Deoptimization events (20 events):
Event: 7.349 Thread 0x0000028b427604a0 DEOPT PACKING pc=0x0000028b55bacd0b sp=0x0000009955afe0d0
Event: 7.349 Thread 0x0000028b427604a0 DEOPT UNPACKING pc=0x0000028b5cba2b43 sp=0x0000009955afd600 mode 0
Event: 7.350 Thread 0x0000028b427604a0 DEOPT PACKING pc=0x0000028b55bacd0b sp=0x0000009955afe0d0
Event: 7.350 Thread 0x0000028b427604a0 DEOPT UNPACKING pc=0x0000028b5cba2b43 sp=0x0000009955afd600 mode 0
Event: 7.350 Thread 0x0000028b4275f060 DEOPT PACKING pc=0x0000028b55bacd0b sp=0x00000099556feaf0
Event: 7.350 Thread 0x0000028b4275f060 DEOPT UNPACKING pc=0x0000028b5cba2b43 sp=0x00000099556fe020 mode 0
Event: 7.350 Thread 0x0000028b427604a0 DEOPT PACKING pc=0x0000028b55bacd0b sp=0x0000009955afe0d0
Event: 7.350 Thread 0x0000028b427604a0 DEOPT UNPACKING pc=0x0000028b5cba2b43 sp=0x0000009955afd600 mode 0
Event: 7.351 Thread 0x0000028b427604a0 DEOPT PACKING pc=0x0000028b55bacd0b sp=0x0000009955afe0d0
Event: 7.351 Thread 0x0000028b427604a0 DEOPT UNPACKING pc=0x0000028b5cba2b43 sp=0x0000009955afd600 mode 0
Event: 7.353 Thread 0x0000028b427fb460 DEOPT PACKING pc=0x0000028b55b112ef sp=0x00000099562fe420
Event: 7.353 Thread 0x0000028b427fb460 DEOPT UNPACKING pc=0x0000028b5cba2b43 sp=0x00000099562fd988 mode 0
Event: 7.362 Thread 0x0000028b4275ff90 DEOPT PACKING pc=0x0000028b55b112ef sp=0x00000099559fe420
Event: 7.362 Thread 0x0000028b4275ff90 DEOPT UNPACKING pc=0x0000028b5cba2b43 sp=0x00000099559fd988 mode 0
Event: 7.363 Thread 0x0000028b427604a0 DEOPT PACKING pc=0x0000028b559cf492 sp=0x0000009955afdfd0
Event: 7.363 Thread 0x0000028b427604a0 DEOPT UNPACKING pc=0x0000028b5cba2b43 sp=0x0000009955afd468 mode 0
Event: 7.375 Thread 0x0000028b4275f570 DEOPT PACKING pc=0x0000028b55b112ef sp=0x00000099557fe230
Event: 7.375 Thread 0x0000028b4275f570 DEOPT UNPACKING pc=0x0000028b5cba2b43 sp=0x00000099557fd798 mode 0
Event: 7.398 Thread 0x0000028b4275fa80 DEOPT PACKING pc=0x0000028b55b112ef sp=0x00000099558fe070
Event: 7.398 Thread 0x0000028b4275fa80 DEOPT UNPACKING pc=0x0000028b5cba2b43 sp=0x00000099558fd5d8 mode 0

Classes unloaded (0 events):
No events

Classes redefined (0 events):
No events

Internal exceptions (20 events):
Event: 3.662 Thread 0x0000028b4c1e0510 Exception <a 'java/lang/NoSuchMethodError'{0x0000000623f22a78}: 'int java.lang.invoke.DirectMethodHandle$Holder.invokeStaticInit(java.lang.Object, java.lang.Object)'> (0x0000000623f22a78) 
thrown [s\open\src\hotspot\share\interpreter\linkResolver.cpp, line 759]
Event: 3.701 Thread 0x0000028b4c1e0510 Exception <a 'java/lang/NoSuchMethodError'{0x0000000623ff4290}: 'void java.lang.invoke.DirectMethodHandle$Holder.invokeStatic(java.lang.Object, java.lang.Object, java.lang.Object)'> (0x0000000623ff4290) 
thrown [s\open\src\hotspot\share\interpreter\linkResolver.cpp, line 759]
Event: 3.701 Thread 0x0000028b4c1e0510 Exception <a 'java/lang/NoSuchMethodError'{0x0000000623ff79a0}: 'void java.lang.invoke.DirectMethodHandle$Holder.invokeStaticInit(java.lang.Object, java.lang.Object, java.lang.Object)'> (0x0000000623ff79a0) 
thrown [s\open\src\hotspot\share\interpreter\linkResolver.cpp, line 759]
Event: 3.712 Thread 0x0000028b4c1e0510 Exception <a 'java/lang/ExceptionInInitializerError'{0x000000062382adf0}> (0x000000062382adf0) 
thrown [s\open\src\hotspot\share\oops\instanceKlass.cpp, line 1216]
Event: 3.775 Thread 0x0000028b4c1e0510 Exception <a 'java/lang/NoSuchMethodError'{0x000000062396bb78}: 'java.lang.Object java.lang.invoke.Invokers$Holder.invokeExact_MT(java.lang.Object, int, java.lang.Object)'> (0x000000062396bb78) 
thrown [s\open\src\hotspot\share\interpreter\linkResolver.cpp, line 759]
Event: 3.829 Thread 0x0000028b4c1e0510 Exception <a 'java/lang/NoSuchMethodError'{0x0000000623a6ed08}: 'int java.lang.invoke.DirectMethodHandle$Holder.invokeSpecial(java.lang.Object, java.lang.Object, java.lang.Object, java.lang.Object)'> (0x0000000623a6ed08) 
thrown [s\open\src\hotspot\share\interpreter\linkResolver.cpp, line 759]
Event: 4.270 Thread 0x0000028b4c1e0510 Exception <a 'java/lang/NoSuchMethodError'{0x000000062460b780}: 'int java.lang.invoke.DirectMethodHandle$Holder.invokeStatic(java.lang.Object, java.lang.Object, int)'> (0x000000062460b780) 
thrown [s\open\src\hotspot\share\interpreter\linkResolver.cpp, line 759]
Event: 4.276 Thread 0x0000028b4c1e0510 Exception <a 'java/lang/NoSuchMethodError'{0x000000062461d870}: 'int java.lang.invoke.DirectMethodHandle$Holder.invokeVirtual(java.lang.Object, java.lang.Object)'> (0x000000062461d870) 
thrown [s\open\src\hotspot\share\interpreter\linkResolver.cpp, line 759]
Event: 4.294 Thread 0x0000028b4c1e0510 Implicit null exception at 0x0000028b5d1246f2 to 0x0000028b5d124cd4
Event: 4.295 Thread 0x0000028b4c1e0510 Implicit null exception at 0x0000028b5d1252f2 to 0x0000028b5d1258e8
Event: 4.493 Thread 0x0000028b4c1e0510 Exception <a 'java/lang/NoSuchMethodError'{0x0000000624276718}: 'java.lang.Object java.lang.invoke.DirectMethodHandle$Holder.invokeInterface(java.lang.Object, java.lang.Object, java.lang.Object)'> (0x0000000624276718) 
thrown [s\open\src\hotspot\share\interpreter\linkResolver.cpp, line 759]
Event: 4.521 Thread 0x0000028b4c1e0510 Exception <a 'java/lang/NoSuchMethodError'{0x0000000624320bc0}: 'void java.lang.invoke.DirectMethodHandle$Holder.invokeStatic(java.lang.Object, java.lang.Object, java.lang.Object, java.lang.Object)'> (0x0000000624320bc0) 
thrown [s\open\src\hotspot\share\interpreter\linkResolver.cpp, line 759]
Event: 4.733 Thread 0x0000028b4c1e0510 Exception <a 'java/lang/IncompatibleClassChangeError'{0x0000000623872bd8}: Found class java.lang.Object, but interface was expected> (0x0000000623872bd8) 
thrown [s\open\src\hotspot\share\interpreter\linkResolver.cpp, line 826]
Event: 4.893 Thread 0x0000028b4c1e0510 Exception <a 'java/lang/NullPointerException'{0x0000000623be2f98}> (0x0000000623be2f98) 
thrown [s\open\src\hotspot\share\interpreter\linkResolver.cpp, line 1433]
Event: 4.973 Thread 0x0000028b4c1e0510 Implicit null exception at 0x0000028b5d19365e to 0x0000028b5d19401c
Event: 5.943 Thread 0x0000028b4c1e0510 Exception <a 'sun/nio/fs/WindowsException'{0x0000000623f75360}> (0x0000000623f75360) 
thrown [s\open\src\hotspot\share\prims\jni.cpp, line 516]
Event: 5.945 Thread 0x0000028b4c1e0510 Exception <a 'sun/nio/fs/WindowsException'{0x0000000623f75780}> (0x0000000623f75780) 
thrown [s\open\src\hotspot\share\prims\jni.cpp, line 516]
Event: 6.123 Thread 0x0000028b4c1e0510 Exception <a 'java/lang/NoSuchMethodError'{0x0000000623b460c8}: 'int java.lang.invoke.DirectMethodHandle$Holder.invokeStaticInit(java.lang.Object, java.lang.Object, java.lang.Object)'> (0x0000000623b460c8) 
thrown [s\open\src\hotspot\share\interpreter\linkResolver.cpp, line 759]
Event: 6.204 Thread 0x0000028b4c1e0510 Exception <a 'java/lang/NoSuchMethodError'{0x000000062348f698}: 'java.lang.Object java.lang.invoke.DirectMethodHandle$Holder.invokeStaticInit(java.lang.Object, int)'> (0x000000062348f698) 
thrown [s\open\src\hotspot\share\interpreter\linkResolver.cpp, line 759]
Event: 6.368 Thread 0x0000028b4c1e0510 Exception <a 'java/lang/IncompatibleClassChangeError'{0x000000062366df18}: Found class java.lang.Object, but interface was expected> (0x000000062366df18) 
thrown [s\open\src\hotspot\share\interpreter\linkResolver.cpp, line 826]

VM Operations (20 events):
Event: 4.948 Executing VM operation: HandshakeAllThreads
Event: 4.948 Executing VM operation: HandshakeAllThreads done
Event: 5.074 Executing VM operation: HandshakeAllThreads
Event: 5.074 Executing VM operation: HandshakeAllThreads done
Event: 5.305 Executing VM operation: HandshakeAllThreads
Event: 5.305 Executing VM operation: HandshakeAllThreads done
Event: 5.337 Executing VM operation: G1CollectForAllocation
Event: 5.343 Executing VM operation: G1CollectForAllocation done
Event: 5.946 Executing VM operation: HandshakeAllThreads
Event: 5.946 Executing VM operation: HandshakeAllThreads done
Event: 6.312 Executing VM operation: HandshakeAllThreads
Event: 6.312 Executing VM operation: HandshakeAllThreads done
Event: 6.414 Executing VM operation: HandshakeAllThreads
Event: 6.414 Executing VM operation: HandshakeAllThreads done
Event: 6.414 Executing VM operation: Cleanup
Event: 6.415 Executing VM operation: Cleanup done
Event: 6.515 Executing VM operation: HandshakeAllThreads
Event: 6.515 Executing VM operation: HandshakeAllThreads done
Event: 6.894 Executing VM operation: HandshakeAllThreads
Event: 6.921 Executing VM operation: HandshakeAllThreads done

Events (20 events):
Event: 6.849 loading class sun/nio/ch/NativeThreadSet done
Event: 6.849 loading class sun/nio/ch/FileDispatcherImpl
Event: 6.850 loading class sun/nio/ch/FileDispatcher
Event: 6.850 loading class sun/nio/ch/FileDispatcher done
Event: 6.850 loading class sun/nio/ch/FileDispatcherImpl done
Event: 6.863 loading class java/nio/BufferUnderflowException
Event: 6.864 loading class java/nio/BufferUnderflowException done
Event: 6.864 loading class java/nio/channels/spi/AbstractInterruptibleChannel$1
Event: 6.864 loading class sun/nio/ch/Interruptible
Event: 6.864 loading class sun/nio/ch/Interruptible done
Event: 6.864 loading class java/nio/channels/spi/AbstractInterruptibleChannel$1 done
Event: 6.864 loading class sun/nio/ch/IOStatus
Event: 6.865 loading class sun/nio/ch/IOStatus done
Event: 6.867 loading class java/nio/ReadOnlyBufferException
Event: 6.867 loading class java/nio/ReadOnlyBufferException done
Event: 6.878 loading class java/util/zip/DataFormatException
Event: 6.878 loading class java/util/zip/DataFormatException done
Event: 6.878 loading class java/util/zip/ZipException
Event: 6.878 loading class java/util/zip/ZipException done
Event: 6.898 Thread 0x0000028b41ce5ea0 Thread added: 0x0000028b41ce5ea0


Dynamic libraries:
0x00007ff70e5c0000 - 0x00007ff70e5d0000 	C:\Program Files\Java\jdk-17\bin\java.exe
0x00007ffa66210000 - 0x00007ffa66408000 	C:\Windows\SYSTEM32\ntdll.dll
0x00007ffa65900000 - 0x00007ffa659c2000 	C:\Windows\System32\KERNEL32.DLL
0x00007ffa63930000 - 0x00007ffa63c26000 	C:\Windows\System32\KERNELBASE.dll
0x0000000076f80000 - 0x000000007701d000 	C:\ProgramData\Symantec\Symantec Endpoint Protection\14.3.9265.6000.105\Data\Sysfer\x64\sysfer.dll
0x00007ffa63ec0000 - 0x00007ffa63fc0000 	C:\Windows\System32\ucrtbase.dll
0x00007ffa58cf0000 - 0x00007ffa58d0b000 	C:\Program Files\Java\jdk-17\bin\VCRUNTIME140.dll
0x00007ffa5a060000 - 0x00007ffa5a079000 	C:\Program Files\Java\jdk-17\bin\jli.dll
0x00007ffa64bf0000 - 0x00007ffa64c9f000 	C:\Windows\System32\ADVAPI32.dll
0x00007ffa652a0000 - 0x00007ffa6533e000 	C:\Windows\System32\msvcrt.dll
0x00007ffa64230000 - 0x00007ffa642cf000 	C:\Windows\System32\sechost.dll
0x00007ffa64db0000 - 0x00007ffa64ed3000 	C:\Windows\System32\RPCRT4.dll
0x00007ffa64060000 - 0x00007ffa64087000 	C:\Windows\System32\bcrypt.dll
0x00007ffa51590000 - 0x00007ffa5182a000 	C:\Windows\WinSxS\amd64_microsoft.windows.common-controls_6595b64144ccf1df_6.0.19041.4355_none_60b8b9eb71f62e16\COMCTL32.dll
0x00007ffa65fb0000 - 0x00007ffa6614d000 	C:\Windows\System32\USER32.dll
0x00007ffa63d90000 - 0x00007ffa63db2000 	C:\Windows\System32\win32u.dll
0x00007ffa64b10000 - 0x00007ffa64b3b000 	C:\Windows\System32\GDI32.dll
0x00007ffa64110000 - 0x00007ffa6422a000 	C:\Windows\System32\gdi32full.dll
0x00007ffa63fc0000 - 0x00007ffa6405d000 	C:\Windows\System32\msvcp_win.dll
0x00007ffa487a0000 - 0x00007ffa487aa000 	C:\Windows\SYSTEM32\VERSION.dll
0x00007ffa64a40000 - 0x00007ffa64a6f000 	C:\Windows\System32\IMM32.DLL
0x0000028b4bfd0000 - 0x0000028b4bfe6000 	C:\Windows\System32\umppc19508.dll
0x0000028b4c010000 - 0x0000028b4c023000 	C:\Windows\System32\CsXumd64_19508.dll
0x00007ffa5a0e0000 - 0x00007ffa5a0ec000 	C:\Program Files\Java\jdk-17\bin\vcruntime140_1.dll
0x00007ffa2ed70000 - 0x00007ffa2edfe000 	C:\Program Files\Java\jdk-17\bin\msvcp140.dll
0x00007ffa0d5c0000 - 0x00007ffa0e1a0000 	C:\Program Files\Java\jdk-17\bin\server\jvm.dll
0x00007ffa65a40000 - 0x00007ffa65a48000 	C:\Windows\System32\PSAPI.DLL
0x00007ffa3a750000 - 0x00007ffa3a759000 	C:\Windows\SYSTEM32\WSOCK32.dll
0x00007ffa659d0000 - 0x00007ffa65a3b000 	C:\Windows\System32\WS2_32.dll
0x00007ffa54920000 - 0x00007ffa54947000 	C:\Windows\SYSTEM32\WINMM.dll
0x00007ffa612e0000 - 0x00007ffa612f2000 	C:\Windows\SYSTEM32\kernel.appcore.dll
0x00007ffa5a050000 - 0x00007ffa5a05a000 	C:\Program Files\Java\jdk-17\bin\jimage.dll
0x00007ffa60ae0000 - 0x00007ffa60cc4000 	C:\Windows\SYSTEM32\DBGHELP.DLL
0x00007ffa483b0000 - 0x00007ffa483e4000 	C:\Windows\SYSTEM32\dbgcore.DLL
0x00007ffa638a0000 - 0x00007ffa63922000 	C:\Windows\System32\bcryptPrimitives.dll
0x00007ffa5add0000 - 0x00007ffa5adde000 	C:\Program Files\Java\jdk-17\bin\instrument.dll
0x00007ffa58c10000 - 0x00007ffa58c35000 	C:\Program Files\Java\jdk-17\bin\java.dll
0x00007ffa15f70000 - 0x00007ffa16047000 	C:\Program Files\Java\jdk-17\bin\jsvml.dll
0x00007ffa642d0000 - 0x00007ffa64a3f000 	C:\Windows\System32\SHELL32.dll
0x00007ffa61500000 - 0x00007ffa61ca3000 	C:\Windows\SYSTEM32\windows.storage.dll
0x00007ffa65c50000 - 0x00007ffa65fa5000 	C:\Windows\System32\combase.dll
0x00007ffa631a0000 - 0x00007ffa631cb000 	C:\Windows\SYSTEM32\Wldp.dll
0x00007ffa64ee0000 - 0x00007ffa64fad000 	C:\Windows\System32\OLEAUT32.dll
0x00007ffa64b40000 - 0x00007ffa64bed000 	C:\Windows\System32\SHCORE.dll
0x00007ffa64d50000 - 0x00007ffa64da5000 	C:\Windows\System32\shlwapi.dll
0x00007ffa637d0000 - 0x00007ffa637f5000 	C:\Windows\SYSTEM32\profapi.dll
0x00007ffa524b0000 - 0x00007ffa524c8000 	C:\Program Files\Java\jdk-17\bin\zip.dll
0x00007ffa575a0000 - 0x00007ffa575b9000 	C:\Program Files\Java\jdk-17\bin\net.dll
0x00007ffa627c0000 - 0x00007ffa628ca000 	C:\Windows\SYSTEM32\WINHTTP.dll
0x00007ffa62f60000 - 0x00007ffa62fcc000 	C:\Windows\system32\mswsock.dll
0x00007ffa57550000 - 0x00007ffa57566000 	C:\Program Files\Java\jdk-17\bin\nio.dll
0x00007ffa51350000 - 0x00007ffa5136a000 	C:\Program Files (x86)\JetBrains\IntelliJ IDEA Community Edition 2023.3.4\bin\breakgen64.dll
0x00007ffa58b50000 - 0x00007ffa58b60000 	C:\Program Files\Java\jdk-17\bin\verify.dll

dbghelp: loaded successfully - version: 4.0.5 - missing functions: none
symbol engine: initialized successfully - sym options: 0x614 - pdb path: .;C:\Program Files\Java\jdk-17\bin;C:\Windows\SYSTEM32;C:\ProgramData\Symantec\Symantec Endpoint Protection\14.3.9265.6000.105\Data\Sysfer\x64;C:\Windows\WinSxS\amd64_microsoft.windows.common-controls_6595b64144ccf1df_6.0.19041.4355_none_60b8b9eb71f62e16;C:\Program Files\Java\jdk-17\bin\server;C:\Program Files (x86)\JetBrains\IntelliJ IDEA Community Edition 2023.3.4\bin

VM Arguments:
jvm_args: -ea -Djava.awt.headless=true -Didea.test.cyclic.buffer.size=1048576 -javaagent:C:\Program Files (x86)\JetBrains\IntelliJ IDEA Community Edition 2023.3.4\lib\idea_rt.jar=52562:C:\Program Files (x86)\JetBrains\IntelliJ IDEA Community Edition 2023.3.4\bin -Dfile.encoding=UTF-8 
java_command: com.intellij.rt.junit.JUnitStarter -ideVersion5 -junit4 com.ae.network.api.tests.apiCentre.cardServices.Cards,apiCentre_Cards_Journey
java_class_path (initial): C:\Program Files (x86)\JetBrains\IntelliJ IDEA Community Edition 2023.3.4\lib\idea_rt.jar;C:\Program Files (x86)\JetBrains\IntelliJ IDEA Community Edition 2023.3.4\plugins\junit\lib\junit5-rt.jar;C:\Program Files (x86)\JetBrains\IntelliJ IDEA Community Edition 2023.3.4\plugins\junit\lib\junit-rt.jar;C:\Users\rupamc\APICentre_CardControls\apgcardcontrols\target\test-classes;C:\Users\rupamc\APICentre_CardControls\apgcardcontrols\target\classes;C:\Users\rupamc\.m2\repository\org\seleniumhq\selenium\selenium-java\4.7.1\selenium-java-4.7.1.jar;C:\Users\rupamc\.m2\repository\org\seleniumhq\selenium\selenium-api\4.7.1\selenium-api-4.7.1.jar;C:\Users\rupamc\.m2\repository\io\github\bonigarcia\webdrivermanager\5.7.0\webdrivermanager-5.7.0.jar;C:\Users\rupamc\.m2\repository\ru\yandex\qatools\ashot\ashot\1.5.4\ashot-1.5.4.jar;C:\Users\rupamc\.m2\repository\org\springframework\spring-core\6.0.2\spring-core-6.0.2.jar;C:\Users\rupamc\.m2\repository\org\springframework\spring-test\6.0.2\spring-test-6.0.2.jar;C:\Users\rupamc\.m2\repository\org\springframework\data\spring-data-commons\3.0.0\spring-data-commons-3.0.0.jar;C:\Users\rupamc\.m2\repository\org\testcontainers\testcontainers\1.18.3\testcontainers-1.18.3.jar;C:\Users\rupamc\.m2\repository\org\springframework\spring-context\6.0.2\spring-context-6.0.2.jar;C:\Users\rupamc\.m2\repository\org\springframework\boot\spring-boot\3.0.0\spring-boot-3.0.0.jar;C:\Users\rupamc\.m2\repository\org\springframework\spring-jdbc\6.0.9\spring-jdbc-6.0.9.jar;C:\Users\rupamc\.m2\repository\org\springframework\boot\spring-boot-test\3.0.0\spring-boot-test-3.0.0.jar;C:\Users\rupamc\.m2\repository\org\junit\vintage\junit-vintage-engine\5.9.0\junit-vintage-engine-5.9.0.jar;C:\Users\rupamc\.m2\repository\commons-io\commons-io\2.11.0\commons-io-2.11.0.jar;C:\Users\rupamc\.m2\repository\org\apache\poi\poi\5.2.2\poi-5.2.2.jar;C:\Users\rupamc\.m2\repository\org\apache\pdfbox\pdfbox\3.0.2\pdfbox-3.0.2.jar;C:\Users\rupamc\.m2\repo
Launcher Type: SUN_STANDARD

[Global flags]
     intx CICompilerCount                          = 4                                         {product} {ergonomic}
     uint ConcGCThreads                            = 3                                         {product} {ergonomic}
     uint G1ConcRefinementThreads                  = 10                                        {product} {ergonomic}
   size_t G1HeapRegionSize                         = 4194304                                   {product} {ergonomic}
    uintx GCDrainStackTargetSize                   = 64                                        {product} {ergonomic}
   size_t InitialHeapSize                          = 532676608                                 {product} {ergonomic}
   size_t MarkStackSize                            = 4194304                                   {product} {ergonomic}
   size_t MaxHeapSize                              = 8506048512                                {product} {ergonomic}
   size_t MaxNewSize                               = 5100273664                                {product} {ergonomic}
   size_t MinHeapDeltaBytes                        = 4194304                                   {product} {ergonomic}
   size_t MinHeapSize                              = 8388608                                   {product} {ergonomic}
    uintx NonNMethodCodeHeapSize                   = 5839372                                {pd product} {ergonomic}
    uintx NonProfiledCodeHeapSize                  = 122909434                              {pd product} {ergonomic}
    uintx ProfiledCodeHeapSize                     = 122909434                              {pd product} {ergonomic}
    uintx ReservedCodeCacheSize                    = 251658240                              {pd product} {ergonomic}
     bool SegmentedCodeCache                       = true                                      {product} {ergonomic}
   size_t SoftMaxHeapSize                          = 8506048512                             {manageable} {ergonomic}
     bool UseCompressedClassPointers               = true                           {product lp64_product} {ergonomic}
     bool UseCompressedOops                        = true                           {product lp64_product} {ergonomic}
     bool UseG1GC                                  = true                                      {product} {ergonomic}
     bool UseLargePagesIndividualAllocation        = false                                  {pd product} {ergonomic}

Logging:
Log output configuration:
 #0: stdout all=warning uptime,level,tags
 #1: stderr all=off uptime,level,tags

Environment Variables:
PATH=C:\Program Files\Microsoft SDKs\Azure\CLI2\wbin;C:\Python311-64\Scripts\;C:\Python311-64\;C:\Program Files\Common Files\Oracle\Java\javapath;C:\Windows\system32;C:\Windows;C:\Windows\System32\Wbem;C:\Windows\System32\WindowsPowerShell\v1.0\;C:\Windows\System32\OpenSSH\;C:\Program Files\Azure Data Studio\bin;C:\maven\bin;C:\Program Files\Microsoft VS Code\bin;C:\Program Files\Git\cmd;C:\Program Files\Docker\Docker\resources\bin;C:\Users\rupamc\AppData\Local\Microsoft\WindowsApps;C:\Users\rupamc\AppData\Local\JetBrains\IntelliJ IDEA 2024.3.4\bin
USERNAME=RupamC
OS=Windows_NT
PROCESSOR_IDENTIFIER=Intel64 Family 6 Model 186 Stepping 3, GenuineIntel



---------------  S Y S T E M  ---------------

OS:
 Windows 10 , 64 bit Build 19041 (10.0.19041.5678)
OS uptime: 20 days 0:45 hours
Hyper-V role detected

CPU: total 12 (initial active 12) (6 cores per cpu, 2 threads per core) family 6 model 186 stepping 3 microcode 0x410e, cx8, cmov, fxsr, ht, mmx, 3dnowpref, sse, sse2, sse3, ssse3, sse4.1, sse4.2, popcnt, lzcnt, tsc, tscinvbit, avx, avx2, aes, erms, clmul, bmi1, bmi2, adx, sha, fma, vzeroupper, clflush, clflushopt, clwb, hv

Memory: 4k page, system-wide physical 32440M (5272M free)
TotalPageFile size 93405M (AvailPageFile size 4M)
current process WorkingSet (physical memory assigned to process): 254M, peak: 254M
current process commit charge ("private bytes"): 680M, peak: 681M

vm_info: Java HotSpot(TM) 64-Bit Server VM (17.0.12+8-LTS-286) for windows-amd64 JRE (17.0.12+8-LTS-286), built on Jun  5 2024 06:46:59 by "mach5one" with MS VC++ 17.6 (VS2022)

END.
